Component: ARM Compiler 5.06 update 7 (build 960) Tool: armlink [4d3601]

==============================================================================

Section Cross References

    startup_stm32f427xx.o(STACK) refers (Special) to heapauxi.o(.text) for __use_two_region_memory
    startup_stm32f427xx.o(HEAP) refers (Special) to heapauxi.o(.text) for __use_two_region_memory
    startup_stm32f427xx.o(RESET) refers (Special) to heapauxi.o(.text) for __use_two_region_memory
    startup_stm32f427xx.o(RESET) refers to startup_stm32f427xx.o(STACK) for __initial_sp
    startup_stm32f427xx.o(RESET) refers to startup_stm32f427xx.o(.text) for Reset_Handler
    startup_stm32f427xx.o(RESET) refers to stm32f4xx_it.o(i.NMI_Handler) for NMI_Handler
    startup_stm32f427xx.o(RESET) refers to stm32f4xx_it.o(i.HardFault_Handler) for HardFault_Handler
    startup_stm32f427xx.o(RESET) refers to stm32f4xx_it.o(i.MemManage_Handler) for MemManage_Handler
    startup_stm32f427xx.o(RESET) refers to stm32f4xx_it.o(i.BusFault_Handler) for BusFault_Handler
    startup_stm32f427xx.o(RESET) refers to stm32f4xx_it.o(i.UsageFault_Handler) for UsageFault_Handler
    startup_stm32f427xx.o(RESET) refers to port.o(.emb_text) for SVC_Handler
    startup_stm32f427xx.o(RESET) refers to stm32f4xx_it.o(i.DebugMon_Handler) for DebugMon_Handler
    startup_stm32f427xx.o(RESET) refers to port.o(i.SysTick_Handler) for SysTick_Handler
    startup_stm32f427xx.o(RESET) refers to stm32f4xx_it.o(i.TIM1_BRK_TIM9_IRQHandler) for TIM1_BRK_TIM9_IRQHandler
    startup_stm32f427xx.o(RESET) refers to stm32f4xx_it.o(i.TIM1_UP_TIM10_IRQHandler) for TIM1_UP_TIM10_IRQHandler
    startup_stm32f427xx.o(RESET) refers to stm32f4xx_it.o(i.TIM1_TRG_COM_TIM11_IRQHandler) for TIM1_TRG_COM_TIM11_IRQHandler
    startup_stm32f427xx.o(RESET) refers to stm32f4xx_it.o(i.TIM1_CC_IRQHandler) for TIM1_CC_IRQHandler
    startup_stm32f427xx.o(RESET) refers to stm32f4xx_it.o(i.TIM2_IRQHandler) for TIM2_IRQHandler
    startup_stm32f427xx.o(RESET) refers to stm32f4xx_it.o(i.TIM4_IRQHandler) for TIM4_IRQHandler
    startup_stm32f427xx.o(RESET) refers to usart.o(i.USART2_IRQHandler) for USART2_IRQHandler
    startup_stm32f427xx.o(RESET) refers to stm32f4xx_it.o(i.USART3_IRQHandler) for USART3_IRQHandler
    startup_stm32f427xx.o(RESET) refers to stm32f4xx_it.o(i.EXTI15_10_IRQHandler) for EXTI15_10_IRQHandler
    startup_stm32f427xx.o(RESET) refers to stm32f4xx_it.o(i.TIM8_TRG_COM_TIM14_IRQHandler) for TIM8_TRG_COM_TIM14_IRQHandler
    startup_stm32f427xx.o(RESET) refers to usart.o(i.USART6_IRQHandler) for USART6_IRQHandler
    startup_stm32f427xx.o(RESET) refers to usart.o(i.UART7_IRQHandler) for UART7_IRQHandler
    startup_stm32f427xx.o(.text) refers (Special) to heapauxi.o(.text) for __use_two_region_memory
    startup_stm32f427xx.o(.text) refers to system_stm32f4xx.o(i.SystemInit) for SystemInit
    startup_stm32f427xx.o(.text) refers to __main.o(!!!main) for __main
    startup_stm32f427xx.o(.text) refers to startup_stm32f427xx.o(HEAP) for Heap_Mem
    startup_stm32f427xx.o(.text) refers to startup_stm32f427xx.o(STACK) for Stack_Mem
    main.o(i.HAL_GPIO_EXTI_Callback) refers to pns.o(.data) for PPM_Time
    main.o(i.HAL_GPIO_EXTI_Callback) refers to pns.o(.data) for PPM_Okay
    main.o(i.HAL_GPIO_EXTI_Callback) refers to pns.o(.data) for PPM_Sample_Cnt
    main.o(i.HAL_GPIO_EXTI_Callback) refers to pns.o(.bss) for PPM_Databuf
    main.o(i.HAL_GPIO_EXTI_Callback) refers to pns.o(.data) for PPM_Chn_Max
    main.o(i.HAL_TIM_PeriodElapsedCallback) refers to stm32f4xx_hal_gpio.o(i.HAL_GPIO_TogglePin) for HAL_GPIO_TogglePin
    main.o(i.HAL_TIM_PeriodElapsedCallback) refers to stm32f4xx_hal_tim.o(i.HAL_TIM_Base_Stop_IT) for HAL_TIM_Base_Stop_IT
    main.o(i.HAL_TIM_PeriodElapsedCallback) refers to stm32f4xx_hal.o(i.HAL_IncTick) for HAL_IncTick
    main.o(i.HAL_TIM_PeriodElapsedCallback) refers to tim.o(.bss) for htim4
    main.o(i.HAL_TIM_PeriodElapsedCallback) refers to main.o(.data) for .data
    main.o(i.HAL_TIM_PeriodElapsedCallback) refers to pns.o(.data) for start_bit
    main.o(i.SystemClock_Config) refers to rt_memclr_w.o(.text) for __aeabi_memclr4
    main.o(i.SystemClock_Config) refers to stm32f4xx_hal_rcc.o(i.HAL_RCC_OscConfig) for HAL_RCC_OscConfig
    main.o(i.SystemClock_Config) refers to stm32f4xx_hal_pwr_ex.o(i.HAL_PWREx_EnableOverDrive) for HAL_PWREx_EnableOverDrive
    main.o(i.SystemClock_Config) refers to stm32f4xx_hal_rcc.o(i.HAL_RCC_ClockConfig) for HAL_RCC_ClockConfig
    main.o(i.main) refers to stm32f4xx_hal.o(i.HAL_Init) for HAL_Init
    main.o(i.main) refers to main.o(i.SystemClock_Config) for SystemClock_Config
    main.o(i.main) refers to gpio.o(i.MX_GPIO_Init) for MX_GPIO_Init
    main.o(i.main) refers to tim.o(i.MX_TIM4_Init) for MX_TIM4_Init
    main.o(i.main) refers to tim.o(i.MX_TIM1_Init) for MX_TIM1_Init
    main.o(i.main) refers to usart.o(i.MX_USART3_UART_Init) for MX_USART3_UART_Init
[...]
    i.prvResetNextTaskUnblockTime            0x080034d8   Section        0  tasks.o(i.prvResetNextTaskUnblockTime)
    prvResetNextTaskUnblockTime              0x080034d9   Thumb Code    26  tasks.o(i.prvResetNextTaskUnblockTime)
    i.prvTaskExitError                       0x080034f8   Section        0  port.o(i.prvTaskExitError)
    prvTaskExitError                         0x080034f9   Thumb Code    36  port.o(i.prvTaskExitError)
    i.pvPortMalloc                           0x08003520   Section        0  heap_4.o(i.pvPortMalloc)
    i.pxPortInitialiseStack                  0x080035fc   Section        0  port.o(i.pxPortInitialiseStack)
    i.target_limit_float                     0x08003628   Section        0  function.o(i.target_limit_float)
    i.uxListRemove                           0x08003648   Section        0  list.o(i.uxListRemove)
    i.vApplicationGetIdleTaskMemory          0x08003670   Section        0  freertos.o(i.vApplicationGetIdleTaskMemory)
    i.vListInitialise                        0x08003684   Section        0  list.o(i.vListInitialise)
    i.vListInitialiseItem                    0x0800369a   Section        0  list.o(i.vListInitialiseItem)
    i.vListInsert                            0x080036a0   Section        0  list.o(i.vListInsert)
    i.vListInsertEnd                         0x080036d0   Section        0  list.o(i.vListInsertEnd)
    i.vPortEnterCritical                     0x080036e8   Section        0  port.o(i.vPortEnterCritical)
    i.vPortExitCritical                      0x08003728   Section        0  port.o(i.vPortExitCritical)
    i.vPortFree                              0x08003750   Section        0  heap_4.o(i.vPortFree)
    i.vPortSetupTimerInterrupt               0x080037b4   Section        0  port.o(i.vPortSetupTimerInterrupt)
    i.vTaskDelay                             0x080037d8   Section        0  tasks.o(i.vTaskDelay)
    i.vTaskStartScheduler                    0x08003824   Section        0  tasks.o(i.vTaskStartScheduler)
    i.vTaskSuspendAll                        0x08003890   Section        0  tasks.o(i.vTaskSuspendAll)
    i.vTaskSwitchContext                     0x080038a0   Section        0  tasks.o(i.vTaskSwitchContext)
    i.xPortStartScheduler                    0x080038fc   Section        0  port.o(i.xPortStartScheduler)
    i.xTaskCreate                            0x080039f0   Section        0  tasks.o(i.xTaskCreate)
    i.xTaskCreateStatic                      0x08003a4a   Section        0  tasks.o(i.xTaskCreateStatic)
    i.xTaskIncrementTick                     0x08003aa0   Section        0  tasks.o(i.xTaskIncrementTick)
    i.xTaskResumeAll                         0x08003b6c   Section        0  tasks.o(i.xTaskResumeAll)
    x$fpl$d2f                                0x08003c30   Section       98  d2f.o(x$fpl$d2f)
    $v0                                      0x08003c30   Number         0  d2f.o(x$fpl$d2f)
    x$fpl$dadd                               0x08003c94   Section      336  daddsub_clz.o(x$fpl$dadd)
    $v0                                      0x08003c94   Number         0  daddsub_clz.o(x$fpl$dadd)
    _dadd1                                   0x08003ca5   Thumb Code     0  daddsub_clz.o(x$fpl$dadd)
    x$fpl$ddiv                               0x08003de4   Section      688  ddiv.o(x$fpl$ddiv)
    $v0                                      0x08003de4   Number         0  ddiv.o(x$fpl$ddiv)
    ddiv_entry                               0x08003deb   Thumb Code     0  ddiv.o(x$fpl$ddiv)
    x$fpl$dfix                               0x08004094   Section       94  dfix.o(x$fpl$dfix)
    $v0                                      0x08004094   Number         0  dfix.o(x$fpl$dfix)
    x$fpl$dflt                               0x080040f2   Section       46  dflt_clz.o(x$fpl$dflt)
    $v0                                      0x080040f2   Number         0  dflt_clz.o(x$fpl$dflt)
    x$fpl$dmul                               0x08004120   Section      340  dmul.o(x$fpl$dmul)
    $v0                                      0x08004120   Number         0  dmul.o(x$fpl$dmul)
    x$fpl$dnaninf                            0x08004274   Section      156  dnaninf.o(x$fpl$dnaninf)
    $v0                                      0x08004274   Number         0  dnaninf.o(x$fpl$dnaninf)
    x$fpl$dretinf                            0x08004310   Section       12  dretinf.o(x$fpl$dretinf)
    $v0                                      0x08004310   Number         0  dretinf.o(x$fpl$dretinf)
    x$fpl$dsub                               0x0800431c   Section      468  daddsub_clz.o(x$fpl$dsub)
    $v0                                      0x0800431c   Number         0  daddsub_clz.o(x$fpl$dsub)
    _dsub1                                   0x0800432d   Thumb Code     0  daddsub_clz.o(x$fpl$dsub)
    x$fpl$f2d                                0x080044f0   Section       86  f2d.o(x$fpl$f2d)
    $v0                                      0x080044f0   Number         0  f2d.o(x$fpl$f2d)
    x$fpl$fnaninf                            0x08004546   Section      140  fnaninf.o(x$fpl$fnaninf)
    $v0                                      0x08004546   Number         0  fnaninf.o(x$fpl$fnaninf)
    x$fpl$fpinit                             0x080045d2   Section       10  fpinit.o(x$fpl$fpinit)
    $v0                                      0x080045d2   Number         0  fpinit.o(x$fpl$fpinit)
    x$fpl$fretinf                            0x080045dc   Section       10  fretinf.o(x$fpl$fretinf)
    $v0                                      0x080045dc   Number         0  fretinf.o(x$fpl$fretinf)
    x$fpl$usenofp                            0x080045e6   Section        0  usenofp.o(x$fpl$usenofp)
    .constdata                               0x080045e8   Section      112  freertos.o(.constdata)
    .constdata                               0x08004658   Section       16  system_stm32f4xx.o(.constdata)
    .constdata                               0x08004668   Section        8  system_stm32f4xx.o(.constdata)
    .conststring                             0x08004670   Section       57  freertos.o(.conststring)
    .data                                    0x20000000   Section        4  main.o(.data)
    .data                                    0x20000004   Section       28  freertos.o(.data)
    .data                                    0x20000020   Section        3  usart.o(.data)
    .data                                    0x20000024   Section       12  stm32f4xx_hal.o(.data)
    .data                                    0x20000030   Section        4  system_stm32f4xx.o(.data)
    .data                                    0x20000034   Section       60  tasks.o(.data)
    uxDeletedTasksWaitingCleanUp             0x20000038   Data           4  tasks.o(.data)
    uxCurrentNumberOfTasks                   0x2000003c   Data           4  tasks.o(.data)
    xTickCount                               0x20000040   Data           4  tasks.o(.data)
    uxTopReadyPriority                       0x20000044   Data           4  tasks.o(.data)
    xSchedulerRunning                        0x20000048   Data           4  tasks.o(.data)
    xPendedTicks                             0x2000004c   Data           4  tasks.o(.data)
    xYieldPending                            0x20000050   Data           4  tasks.o(.data)
    xNumOfOverflows                          0x20000054   Data           4  tasks.o(.data)
    uxTaskNumber                             0x20000058   Data           4  tasks.o(.data)
    xNextTaskUnblockTime                     0x2000005c   Data           4  tasks.o(.data)
    xIdleTaskHandle                          0x20000060   Data           4  tasks.o(.data)
    uxSchedulerSuspended                     0x20000064   Data           4  tasks.o(.data)
    pxDelayedTaskList                        0x20000068   Data           4  tasks.o(.data)
    pxOverflowDelayedTaskList                0x2000006c   Data           4  tasks.o(.data)
    .data                                    0x20000070   Section       32  heap_4.o(.data)
    pxEnd                                    0x20000070   Data           4  heap_4.o(.data)
    xFreeBytesRemaining                      0x20000074   Data           4  heap_4.o(.data)
    xMinimumEverFreeBytesRemaining           0x20000078   Data           4  heap_4.o(.data)
    xNumberOfSuccessfulAllocations           0x2000007c   Data           4  heap_4.o(.data)
    xNumberOfSuccessfulFrees                 0x20000080   Data           4  heap_4.o(.data)
    xBlockAllocatedBit                       0x20000084   Data           4  heap_4.o(.data)
    xStart                                   0x20000088   Data           8  heap_4.o(.data)
    .data                                    0x20000090   Section       12  port.o(.data)
    ucMaxSysCallPriority                     0x20000090   Data           1  port.o(.data)
    uxCriticalNesting                        0x20000094   Data           4  port.o(.data)
    ulMaxPRIGROUPValue                       0x20000098   Data           4  port.o(.data)
    .data                                    0x2000009c   Section       39  control.o(.data)
    .data                                    0x200000c3   Section      512  mbcrc.o(.data)
    auchCRCHi                                0x200000c3   Data         256  mbcrc.o(.data)
    auchCRCLo                                0x200001c3   Data         256  mbcrc.o(.data)
    .data                                    0x200002c4   Section       80  pns.o(.data)
    .data                                    0x20000314   Section        2  pns.o(.data)
    .data                                    0x20000316   Section        1  pns.o(.data)
    .data                                    0x20000318   Section        4  pns.o(.data)
    .data                                    0x2000031c   Section        2  pns.o(.data)
    .bss                                     0x20000320   Section      596  freertos.o(.bss)
    xIdleTaskTCBBuffer                       0x20000320   Data          84  freertos.o(.bss)
    xIdleStack                               0x20000374   Data         512  freertos.o(.bss)
    .bss                                     0x20000574   Section      216  tim.o(.bss)
    .bss                                     0x2000064c   Section      464  usart.o(.bss)
    .bss                                     0x2000081c   Section       72  stm32f4xx_hal_timebase_tim.o(.bss)
    .bss                                     0x20000864   Section      240  tasks.o(.bss)
    pxReadyTasksLists                        0x20000864   Data         140  tasks.o(.bss)
    xDelayedTaskList1                        0x200008f0   Data          20  tasks.o(.bss)
    xDelayedTaskList2                        0x20000904   Data          20  tasks.o(.bss)
    xPendingReadyList                        0x20000918   Data          20  tasks.o(.bss)
    xTasksWaitingTermination                 0x2000092c   Data          20  tasks.o(.bss)
    xSuspendedTaskList                       0x20000940   Data          20  tasks.o(.bss)
    .bss                                     0x20000954   Section    15360  heap_4.o(.bss)
    ucHeap                                   0x20000954   Data       15360  heap_4.o(.bss)
    .bss                                     0x20004554   Section       74  control.o(.bss)
    .bss                                     0x200045a0   Section      228  pns.o(.bss)
    .bss                                     0x20004684   Section       32  pns.o(.bss)
    .bss                                     0x200046a4   Section       96  libspace.o(.bss)
    HEAP                                     0x20004708   Section     8192  startup_stm32f427xx.o(HEAP)
    Heap_Mem                                 0x20004708   Data        8192  startup_stm32f427xx.o(HEAP)
    STACK                                    0x20006708   Section     8192  startup_stm32f427xx.o(STACK)
    Stack_Mem                                0x20006708   Data        8192  startup_stm32f427xx.o(STACK)
    __initial_sp                             0x20008708   Data           0  startup_stm32f427xx.o(STACK)

    Global Symbols

    Symbol Name                              Value     Ov Type        Size  Object(Section)

    BuildAttributes$$THM_ISAv4$E$P$D$K$B$S$7EM$VFPi3$EXTD16$VFPS$VFMA$PE$A:L22UL41UL21$X:L11$S22US41US21$IEEE1$IW$USESV6$~STKCKD$USESV7$~SHL$OSPACE$ROPI$EBA8$UX$STANDARDLIB$REQ8$PRES8$EABIv2 0x00000000   Number         0  anon$$obj.o ABSOLUTE
    __ARM_use_no_argv                        0x00000000   Number         0  main.o ABSOLUTE
    __ARM_exceptions_init                     - Undefined Weak Reference
    __alloca_initialize                       - Undefined Weak Reference
    __arm_fini_                               - Undefined Weak Reference
    __arm_preinit_                            - Undefined Weak Reference
    __cpp_initialize__aeabi_                  - Undefined Weak Reference
    __cxa_finalize                            - Undefined Weak Reference
    __rt_locale                               - Undefined Weak Reference
    __sigvec_lookup                           - Undefined Weak Reference
    _atexit_init                              - Undefined Weak Reference
    _call_atexit_fns                          - Undefined Weak Reference
    _clock_init                               - Undefined Weak Reference
    _fp_trap_init                             - Undefined Weak Reference
    _fp_trap_shutdown                         - Undefined Weak Reference
    _get_lc_collate                           - Undefined Weak Reference
    _get_lc_ctype                             - Undefined Weak Reference
    _get_lc_monetary                          - Undefined Weak Reference
    _get_lc_numeric                           - Undefined Weak Reference
    _get_lc_time                              - Undefined Weak Reference
    _getenv_init                              - Undefined Weak Reference
    _handle_redirection                       - Undefined Weak Reference
    _init_alloc                               - Undefined Weak Reference
    _init_user_alloc                          - Undefined Weak Reference
    _initio                                   - Undefined Weak Reference
    _rand_init                                - Undefined Weak Reference
    _signal_finish                            - Undefined Weak Reference
    _signal_init                              - Undefined Weak Reference
    _terminate_alloc                          - Undefined Weak Reference
    _terminate_user_alloc                     - Undefined Weak Reference
    _terminateio                              - Undefined Weak Reference
    __Vectors_Size                           0x000001ac   Number         0  startup_stm32f427xx.o ABSOLUTE
    __Vectors                                0x08000000   Data           4  startup_stm32f427xx.o(RESET)
    __Vectors_End                            0x080001ac   Data           0  startup_stm32f427xx.o(RESET)
    __main                                   0x080001ad   Thumb Code     8  __main.o(!!!main)
    __scatterload                            0x080001b5   Thumb Code     0  __scatter.o(!!!scatter)
    __scatterload_rt2                        0x080001b5   Thumb Code    44  __scatter.o(!!!scatter)
    __scatterload_rt2_thumb_only             0x080001b5   Thumb Code     0  __scatter.o(!!!scatter)
    __scatterload_null                       0x080001c3   Thumb Code     0  __scatter.o(!!!scatter)
    __decompress                             0x080001e9   Thumb Code    90  __dczerorl2.o(!!dczerorl2)
    __decompress1                            0x080001e9   Thumb Code     0  __dczerorl2.o(!!dczerorl2)
    __scatterload_zeroinit                   0x08000245   Thumb Code    28  __scatter_zi.o(!!handler_zi)
    __rt_lib_init                            0x08000261   Thumb Code     0  libinit.o(.ARM.Collect$$libinit$$00000000)
    __rt_lib_init_fp_1                       0x08000263   Thumb Code     0  libinit2.o(.ARM.Collect$$libinit$$00000001)
    __rt_lib_init_alloca_1                   0x08000267   Thumb Code     0  libinit2.o(.ARM.Collect$$libinit$$0000002E)
    __rt_lib_init_argv_1                     0x08000267   Thumb Code     0  libinit2.o(.ARM.Collect$$libinit$$0000002C)
    __rt_lib_init_atexit_1                   0x08000267   Thumb Code     0  libinit2.o(.ARM.Collect$$libinit$$0000001B)
    __rt_lib_init_clock_1                    0x08000267   Thumb Code     0  libinit2.o(.ARM.Collect$$libinit$$00000021)
    __rt_lib_init_cpp_1                      0x08000267   Thumb Code     0  libinit2.o(.ARM.Collect$$libinit$$00000032)
    __rt_lib_init_exceptions_1               0x08000267   Thumb Code     0  libinit2.o(.ARM.Collect$$libinit$$00000030)
    __rt_lib_init_fp_trap_1                  0x08000267   Thumb Code     0  libinit2.o(.ARM.Collect$$libinit$$0000001F)
    __rt_lib_init_getenv_1                   0x08000267   Thumb Code     0  libinit2.o(.ARM.Collect$$libinit$$00000023)
    __rt_lib_init_heap_1                     0x08000267   Thumb Code     0  libinit2.o(.ARM.Collect$$libinit$$0000000A)
    __rt_lib_init_lc_collate_1               0x08000267   Thumb Code     0  libinit2.o(.ARM.Collect$$libinit$$00000011)
    __rt_lib_init_lc_ctype_1                 0x08000267   Thumb Code     0  libinit2.o(.ARM.Collect$$libinit$$00000013)
    __rt_lib_init_lc_monetary_1              0x08000267   Thumb Code     0  libinit2.o(.ARM.Collect$$libinit$$00000015)
    __rt_lib_init_lc_numeric_1               0x08000267   Thumb Code     0  libinit2.o(.ARM.Collect$$libinit$$00000017)
    __rt_lib_init_lc_time_1                  0x08000267   Thumb Code     0  libinit2.o(.ARM.Collect$$libinit$$00000019)
    __rt_lib_init_preinit_1                  0x08000267   Thumb Code     0  libinit2.o(.ARM.Collect$$libinit$$00000004)
    __rt_lib_init_rand_1                     0x08000267   Thumb Code     0  libinit2.o(.ARM.Collect$$libinit$$0000000E)
    __rt_lib_init_return                     0x08000267   Thumb Code     0  libinit2.o(.ARM.Collect$$libinit$$00000033)
    __rt_lib_init_signal_1                   0x08000267   Thumb Code     0  libinit2.o(.ARM.Collect$$libinit$$0000001D)
    __rt_lib_init_stdio_1                    0x08000267   Thumb Code     0  libinit2.o(.ARM.Collect$$libinit$$00000025)
    __rt_lib_init_user_alloc_1               0x08000267   Thumb Code     0  libinit2.o(.ARM.Collect$$libinit$$0000000C)
    __rt_lib_shutdown                        0x08000269   Thumb Code     0  libshutdown.o(.ARM.Collect$$libshutdown$$00000000)
    __rt_lib_shutdown_cpp_1                  0x0800026b   Thumb Code     0  libshutdown2.o(.ARM.Collect$$libshutdown$$00000004)
    __rt_lib_shutdown_fini_1                 0x0800026b   Thumb Code     0  libshutdown2.o(.ARM.Collect$$libshutdown$$00000002)
    __rt_lib_shutdown_fp_trap_1              0x0800026b   Thumb Code     0  libshutdown2.o(.ARM.Collect$$libshutdown$$00000009)
    __rt_lib_shutdown_heap_1                 0x0800026b   Thumb Code     0  libshutdown2.o(.ARM.Collect$$libshutdown$$00000011)
    __rt_lib_shutdown_return                 0x0800026b   Thumb Code     0  libshutdown2.o(.ARM.Collect$$libshutdown$$00000012)
    __rt_lib_shutdown_signal_1               0x0800026b   Thumb Code     0  libshutdown2.o(.ARM.Collect$$libshutdown$$0000000C)
    __rt_lib_shutdown_stdio_1                0x0800026b   Thumb Code     0  libshutdown2.o(.ARM.Collect$$libshutdown$$00000006)
    __rt_lib_shutdown_user_alloc_1           0x0800026b   Thumb Code     0  libshutdown2.o(.ARM.Collect$$libshutdown$$0000000E)
    __rt_entry                               0x0800026d   Thumb Code     0  __rtentry.o(.ARM.Collect$$rtentry$$00000000)
    __rt_entry_presh_1                       0x0800026d   Thumb Code     0  __rtentry2.o(.ARM.Collect$$rtentry$$00000002)
    __rt_entry_sh                            0x0800026d   Thumb Code     0  __rtentry4.o(.ARM.Collect$$rtentry$$00000004)
    __rt_entry_li                            0x08000273   Thumb Code     0  __rtentry2.o(.ARM.Collect$$rtentry$$0000000A)
    __rt_entry_postsh_1                      0x08000273   Thumb Code     0  __rtentry2.o(.ARM.Collect$$rtentry$$00000009)
    __rt_entry_main                          0x08000277   Thumb Code     0  __rtentry2.o(.ARM.Collect$$rtentry$$0000000D)
    __rt_entry_postli_1                      0x08000277   Thumb Code     0  __rtentry2.o(.ARM.Collect$$rtentry$$0000000C)
    __rt_exit                                0x0800027f   Thumb Code     0  rtexit.o(.ARM.Collect$$rtexit$$00000000)
    __rt_exit_ls                             0x08000281   Thumb Code     0  rtexit2.o(.ARM.Collect$$rtexit$$00000003)
    __rt_exit_prels_1                        0x08000281   Thumb Code     0  rtexit2.o(.ARM.Collect$$rtexit$$00000002)
    __rt_exit_exit                           0x08000285   Thumb Code     0  rtexit2.o(.ARM.Collect$$rtexit$$00000004)
    SVC_Handler                              0x0800028d   Thumb Code    28  port.o(.emb_text)
    __asm___6_port_c_39a90d8d__prvStartFirstTask 0x080002ad   Thumb Code    36  port.o(.emb_text)
    __asm___6_port_c_39a90d8d__prvEnableVFP  0x080002d5   Thumb Code    16  port.o(.emb_text)
    PendSV_Handler                           0x080002e9   Thumb Code    88  port.o(.emb_text)
    vPortGetIPSR                             0x08000345   Thumb Code     6  port.o(.emb_text)
    Reset_Handler                            0x0800034d   Thumb Code     8  startup_stm32f427xx.o(.text)
    ADC_IRQHandler                           0x08000367   Thumb Code     0  startup_stm32f427xx.o(.text)
    CAN1_RX0_IRQHandler                      0x08000367   Thumb Code     0  startup_stm32f427xx.o(.text)
    CAN1_RX1_IRQHandler                      0x08000367   Thumb Code     0  startup_stm32f427xx.o(.text)
    CAN1_SCE_IRQHandler                      0x08000367   Thumb Code     0  startup_stm32f427xx.o(.text)
    CAN1_TX_IRQHandler                       0x08000367   Thumb Code     0  startup_stm32f427xx.o(.text)
    CAN2_RX0_IRQHandler                      0x08000367   Thumb Code     0  startup_stm32f427xx.o(.text)
    CAN2_RX1_IRQHandler                      0x08000367   Thumb Code     0  startup_stm32f427xx.o(.text)
    CAN2_SCE_IRQHandler                      0x08000367   Thumb Code     0  startup_stm32f427xx.o(.text)
    CAN2_TX_IRQHandler                       0x08000367   Thumb Code     0  startup_stm32f427xx.o(.text)
    DCMI_IRQHandler                          0x08000367   Thumb Code     0  startup_stm32f427xx.o(.text)
    DMA1_Stream0_IRQHandler                  0x08000367   Thumb Code     0  startup_stm32f427xx.o(.text)
    DMA1_Stream1_IRQHandler                  0x08000367   Thumb Code     0  startup_stm32f427xx.o(.text)
    DMA1_Stream2_IRQHandler                  0x08000367   Thumb Code     0  startup_stm32f427xx.o(.text)
    DMA1_Stream3_IRQHandler                  0x08000367   Thumb Code     0  startup_stm32f427xx.o(.text)
    DMA1_Stream4_IRQHandler                  0x08000367   Thumb Code     0  startup_stm32f427xx.o(.text)
    DMA1_Stream5_IRQHandler                  0x08000367   Thumb Code     0  startup_stm32f427xx.o(.text)
    DMA1_Stream6_IRQHandler                  0x08000367   Thumb Code     0  startup_stm32f427xx.o(.text)
    DMA1_Stream7_IRQHandler                  0x08000367   Thumb Code     0  startup_stm32f427xx.o(.text)
    DMA2D_IRQHandler                         0x08000367   Thumb Code     0  startup_stm32f427xx.o(.text)
    DMA2_Stream0_IRQHandler                  0x08000367   Thumb Code     0  startup_stm32f427xx.o(.text)
    DMA2_Stream1_IRQHandler                  0x08000367   Thumb Code     0  startup_stm32f427xx.o(.text)
    DMA2_Stream2_IRQHandler                  0x08000367   Thumb Code     0  startup_stm32f427xx.o(.text)
    DMA2_Stream3_IRQHandler                  0x08000367   Thumb Code     0  startup_stm32f427xx.o(.text)
    DMA2_Stream4_IRQHandler                  0x08000367   Thumb Code     0  startup_stm32f427xx.o(.text)
    DMA2_Stream5_IRQHandler                  0x08000367   Thumb Code     0  startup_stm32f427xx.o(.text)
    DMA2_Stream6_IRQHandler                  0x08000367   Thumb Code     0  startup_stm32f427xx.o(.text)
    DMA2_Stream7_IRQHandler                  0x08000367   Thumb Code     0  startup_stm32f427xx.o(.text)
    ETH_IRQHandler                           0x08000367   Thumb Code     0  startup_stm32f427xx.o(.text)
    ETH_WKUP_IRQHandler                      0x08000367   Thumb Code     0  startup_stm32f427xx.o(.text)
    EXTI0_IRQHandler                         0x08000367   Thumb Code     0  startup_stm32f427xx.o(.text)
    EXTI1_IRQHandler                         0x08000367   Thumb Code     0  startup_stm32f427xx.o(.text)
    EXTI2_IRQHandler                         0x08000367   Thumb Code     0  startup_stm32f427xx.o(.text)
    EXTI3_IRQHandler                         0x08000367   Thumb Code     0  startup_stm32f427xx.o(.text)
    EXTI4_IRQHandler                         0x08000367   Thumb Code     0  startup_stm32f427xx.o(.text)
    EXTI9_5_IRQHandler                       0x08000367   Thumb Code     0  startup_stm32f427xx.o(.text)
    FLASH_IRQHandler                         0x08000367   Thumb Code     0  startup_stm32f427xx.o(.text)
    FMC_IRQHandler                           0x08000367   Thumb Code     0  startup_stm32f427xx.o(.text)
    FPU_IRQHandler                           0x08000367   Thumb Code     0  startup_stm32f427xx.o(.text)
    HASH_RNG_IRQHandler                      0x08000367   Thumb Code     0  startup_stm32f427xx.o(.text)
    I2C1_ER_IRQHandler                       0x08000367   Thumb Code     0  startup_stm32f427xx.o(.text)
    I2C1_EV_IRQHandler                       0x08000367   Thumb Code     0  startup_stm32f427xx.o(.text)
    I2C2_ER_IRQHandler                       0x08000367   Thumb Code     0  startup_stm32f427xx.o(.text)
    I2C2_EV_IRQHandler                       0x08000367   Thumb Code     0  startup_stm32f427xx.o(.text)
    I2C3_ER_IRQHandler                       0x08000367   Thumb Code     0  startup_stm32f427xx.o(.text)
    I2C3_EV_IRQHandler                       0x08000367   Thumb Code     0  startup_stm32f427xx.o(.text)
    OTG_FS_IRQHandler                        0x08000367   Thumb Code     0  startup_stm32f427xx.o(.text)
    OTG_FS_WKUP_IRQHandler                   0x08000367   Thumb Code     0  startup_stm32f427xx.o(.text)
    OTG_HS_EP1_IN_IRQHandler                 0x08000367   Thumb Code     0  startup_stm32f427xx.o(.text)
    OTG_HS_EP1_OUT_IRQHandler                0x08000367   Thumb Code     0  startup_stm32f427xx.o(.text)
    OTG_HS_IRQHandler                        0x08000367   Thumb Code     0  startup_stm32f427xx.o(.text)
    OTG_HS_WKUP_IRQHandler                   0x08000367   Thumb Code     0  startup_stm32f427xx.o(.text)
    PVD_IRQHandler                           0x08000367   Thumb Code     0  startup_stm32f427xx.o(.text)
    RCC_IRQHandler                           0x08000367   Thumb Code     0  startup_stm32f427xx.o(.text)
    RTC_Alarm_IRQHandler                     0x08000367   Thumb Code     0  startup_stm32f427xx.o(.text)
    RTC_WKUP_IRQHandler                      0x08000367   Thumb Code     0  startup_stm32f427xx.o(.text)
    SAI1_IRQHandler                          0x08000367   Thumb Code     0  startup_stm32f427xx.o(.text)
    SDIO_IRQHandler                          0x08000367   Thumb Code     0  startup_stm32f427xx.o(.text)
    SPI1_IRQHandler                          0x08000367   Thumb Code     0  startup_stm32f427xx.o(.text)
    SPI2_IRQHandler                          0x08000367   Thumb Code     0  startup_stm32f427xx.o(.text)
    SPI3_IRQHandler                          0x08000367   Thumb Code     0  startup_stm32f427xx.o(.text)
    SPI4_IRQHandler                          0x08000367   Thumb Code     0  startup_stm32f427xx.o(.text)
    SPI5_IRQHandler                          0x08000367   Thumb Code     0  startup_stm32f427xx.o(.text)
    SPI6_IRQHandler                          0x08000367   Thumb Code     0  startup_stm32f427xx.o(.text)
    TAMP_STAMP_IRQHandler                    0x08000367   Thumb Code     0  startup_stm32f427xx.o(.text)
    TIM3_IRQHandler                          0x08000367   Thumb Code     0  startup_stm32f427xx.o(.text)
    TIM5_IRQHandler                          0x08000367   Thumb Code     0  startup_stm32f427xx.o(.text)
    TIM6_DAC_IRQHandler                      0x08000367   Thumb Code     0  startup_stm32f427xx.o(.text)
    TIM7_IRQHandler                          0x08000367   Thumb Code     0  startup_stm32f427xx.o(.text)
    TIM8_BRK_TIM12_IRQHandler                0x08000367   Thumb Code     0  startup_stm32f427xx.o(.text)
    TIM8_CC_IRQHandler                       0x08000367   Thumb Code     0  startup_stm32f427xx.o(.text)
    TIM8_UP_TIM13_IRQHandler                 0x08000367   Thumb Code     0  startup_stm32f427xx.o(.text)
    UART4_IRQHandler                         0x08000367   Thumb Code     0  startup_stm32f427xx.o(.text)
    UART5_IRQHandler                         0x08000367   Thumb Code     0  startup_stm32f427xx.o(.text)
    UART8_IRQHandler                         0x08000367   Thumb Code     0  startup_stm32f427xx.o(.text)
    USART1_IRQHandler                        0x08000367   Thumb Code     0  startup_stm32f427xx.o(.text)
    WWDG_IRQHandler                          0x08000367   Thumb Code     0  startup_stm32f427xx.o(.text)
    __user_initial_stackheap                 0x08000369   Thumb Code     0  startup_stm32f427xx.o(.text)
    __aeabi_uldivmod                         0x0800038d   Thumb Code     0  lludivv7m.o(.text)
    _ll_udiv                                 0x0800038d   Thumb Code   238  lludivv7m.o(.text)
    __aeabi_memcpy4                          0x0800047b   Thumb Code     0  rt_memcpy_w.o(.text)
    __aeabi_memcpy8                          0x0800047b   Thumb Code     0  rt_memcpy_w.o(.text)
    __rt_memcpy_w                            0x0800047b   Thumb Code   100  rt_memcpy_w.o(.text)
    _memcpy_lastbytes_aligned                0x080004c3   Thumb Code     0  rt_memcpy_w.o(.text)
    __aeabi_memclr                           0x080004df   Thumb Code     0  rt_memclr.o(.text)
    __rt_memclr                              0x080004df   Thumb Code    68  rt_memclr.o(.text)
    _memset                                  0x080004e3   Thumb Code     0  rt_memclr.o(.text)
    __aeabi_memclr4                          0x08000523   Thumb Code     0  rt_memclr_w.o(.text)
    __aeabi_memclr8                          0x08000523   Thumb Code     0  rt_memclr_w.o(.text)
    __rt_memclr_w                            0x08000523   Thumb Code    78  rt_memclr_w.o(.text)
    _memset_w                                0x08000527   Thumb Code     0  rt_memclr_w.o(.text)
    __use_two_region_memory                  0x08000571   Thumb Code     2  heapauxi.o(.text)
    __rt_heap_escrow$2region                 0x08000573   Thumb Code     2  heapauxi.o(.text)
    __rt_heap_expand$2region                 0x08000575   Thumb Code     2  heapauxi.o(.text)
    __user_setup_stackheap                   0x08000577   Thumb Code    74  sys_stackheap_outer.o(.text)
    exit                                     0x080005c1   Thumb Code    18  exit.o(.text)
    __user_libspace                          0x080005d5   Thumb Code     8  libspace.o(.text)
    __user_perproc_libspace                  0x080005d5   Thumb Code     0  libspace.o(.text)
    __user_perthread_libspace                0x080005d5   Thumb Code     0  libspace.o(.text)
    _sys_exit                                0x080005dd   Thumb Code     8  sys_exit.o(.text)
    __I$use$semihosting                      0x080005e9   Thumb Code     0  use_no_semi.o(.text)
    __use_no_semihosting_swi                 0x080005e9   Thumb Code     2  use_no_semi.o(.text)
    BusFault_Handler                         0x080005eb   Thumb Code     2  stm32f4xx_it.o(i.BusFault_Handler)
    __semihosting_library_function           0x080005eb   Thumb Code     0  indicate_semi.o(.text)
    CRC16                                    0x080005ed   Thumb Code    40  mbcrc.o(i.CRC16)
    DebugMon_Handler                         0x08000619   Thumb Code     2  stm32f4xx_it.o(i.DebugMon_Handler)
    Drive_Motor                              0x0800061d   Thumb Code   136  pns.o(i.Drive_Motor)
    EXTI15_10_IRQHandler                     0x080006b9   Thumb Code     8  stm32f4xx_it.o(i.EXTI15_10_IRQHandler)
    Error_Handler                            0x080006c1   Thumb Code     4  main.o(i.Error_Handler)
    HAL_DMA_Abort                            0x080006c5   Thumb Code   146  stm32f4xx_hal_dma.o(i.HAL_DMA_Abort)
    HAL_DMA_Abort_IT                         0x08000757   Thumb Code    36  stm32f4xx_hal_dma.o(i.HAL_DMA_Abort_IT)
    HAL_Delay                                0x0800077d   Thumb Code    32  stm32f4xx_hal.o(i.HAL_Delay)
    HAL_GPIO_EXTI_Callback                   0x080007a1   Thumb Code    74  main.o(i.HAL_GPIO_EXTI_Callback)
    HAL_GPIO_EXTI_IRQHandler                 0x08000805   Thumb Code    18  stm32f4xx_hal_gpio.o(i.HAL_GPIO_EXTI_IRQHandler)
    HAL_GPIO_Init                            0x0800081d   Thumb Code   510  stm32f4xx_hal_gpio.o(i.HAL_GPIO_Init)
    HAL_GPIO_TogglePin                       0x08000a51   Thumb Code    16  stm32f4xx_hal_gpio.o(i.HAL_GPIO_TogglePin)
    HAL_GPIO_WritePin                        0x08000a61   Thumb Code    10  stm32f4xx_hal_gpio.o(i.HAL_GPIO_WritePin)
    HAL_GetTick                              0x08000a6d   Thumb Code     6  stm32f4xx_hal.o(i.HAL_GetTick)
    HAL_IncTick                              0x08000a79   Thumb Code    12  stm32f4xx_hal.o(i.HAL_IncTick)
    HAL_Init                                 0x08000a89   Thumb Code    48  stm32f4xx_hal.o(i.HAL_Init)
    HAL_InitTick                             0x08000abd   Thumb Code   100  stm32f4xx_hal_timebase_tim.o(i.HAL_InitTick)
    HAL_MspInit                              0x08000b31   Thumb Code    52  stm32f4xx_hal_msp.o(i.HAL_MspInit)
    HAL_NVIC_EnableIRQ                       0x08000b69   Thumb Code    26  stm32f4xx_hal_cortex.o(i.HAL_NVIC_EnableIRQ)
    HAL_NVIC_SetPriority                     0x08000b85   Thumb Code    60  stm32f4xx_hal_cortex.o(i.HAL_NVIC_SetPriority)
    HAL_NVIC_SetPriorityGrouping             0x08000bc5   Thumb Code    26  stm32f4xx_hal_cortex.o(i.HAL_NVIC_SetPriorityGrouping)
    HAL_PWREx_EnableOverDrive                0x08000be9   Thumb Code    98  stm32f4xx_hal_pwr_ex.o(i.HAL_PWREx_EnableOverDrive)
    HAL_RCC_ClockConfig                      0x08000c59   Thumb Code   288  stm32f4xx_hal_rcc.o(i.HAL_RCC_ClockConfig)
    HAL_RCC_GetClockConfig                   0x08000d8d   Thumb Code    54  stm32f4xx_hal_rcc.o(i.HAL_RCC_GetClockConfig)
    HAL_RCC_GetPCLK1Freq                     0x08000dcd   Thumb Code    20  stm32f4xx_hal_rcc.o(i.HAL_RCC_GetPCLK1Freq)
    HAL_RCC_GetPCLK2Freq                     0x08000ded   Thumb Code    20  stm32f4xx_hal_rcc.o(i.HAL_RCC_GetPCLK2Freq)
    HAL_RCC_GetSysClockFreq                  0x08000e0d   Thumb Code    88  stm32f4xx_hal_rcc.o(i.HAL_RCC_GetSysClockFreq)
    HAL_RCC_OscConfig                        0x08000e6d   Thumb Code   856  stm32f4xx_hal_rcc.o(i.HAL_RCC_OscConfig)
    HAL_TIMEx_BreakCallback                  0x080011d9   Thumb Code     2  stm32f4xx_hal_tim_ex.o(i.HAL_TIMEx_BreakCallback)
    HAL_TIMEx_CommutCallback                 0x080011db   Thumb Code     2  stm32f4xx_hal_tim_ex.o(i.HAL_TIMEx_CommutCallback)
    HAL_TIMEx_MasterConfigSynchronization    0x080011dd   Thumb Code   116  stm32f4xx_hal_tim_ex.o(i.HAL_TIMEx_MasterConfigSynchronization)
    HAL_TIM_Base_Init                        0x0800126d   Thumb Code    90  stm32f4xx_hal_tim.o(i.HAL_TIM_Base_Init)
    HAL_TIM_Base_MspInit                     0x080012c9   Thumb Code   174  tim.o(i.HAL_TIM_Base_MspInit)
    HAL_TIM_Base_Start                       0x08001385   Thumb Code    90  stm32f4xx_hal_tim.o(i.HAL_TIM_Base_Start)
    HAL_TIM_Base_Start_IT                    0x080013fd   Thumb Code   100  stm32f4xx_hal_tim.o(i.HAL_TIM_Base_Start_IT)
    HAL_TIM_Base_Stop_IT                     0x0800147d   Thumb Code    48  stm32f4xx_hal_tim.o(i.HAL_TIM_Base_Stop_IT)
    HAL_TIM_ConfigClockSource                0x080014ad   Thumb Code   220  stm32f4xx_hal_tim.o(i.HAL_TIM_ConfigClockSource)
    HAL_TIM_IC_CaptureCallback               0x08001589   Thumb Code     2  stm32f4xx_hal_tim.o(i.HAL_TIM_IC_CaptureCallback)
    HAL_TIM_IRQHandler                       0x0800158b   Thumb Code   358  stm32f4xx_hal_tim.o(i.HAL_TIM_IRQHandler)
    HAL_TIM_OC_DelayElapsedCallback          0x080016f1   Thumb Code     2  stm32f4xx_hal_tim.o(i.HAL_TIM_OC_DelayElapsedCallback)
    HAL_TIM_PWM_PulseFinishedCallback        0x080016f3   Thumb Code     2  stm32f4xx_hal_tim.o(i.HAL_TIM_PWM_PulseFinishedCallback)
    HAL_TIM_PeriodElapsedCallback            0x080016f5   Thumb Code    94  main.o(i.HAL_TIM_PeriodElapsedCallback)
    HAL_TIM_TriggerCallback                  0x0800176d   Thumb Code     2  stm32f4xx_hal_tim.o(i.HAL_TIM_TriggerCallback)
    HAL_UARTEx_RxEventCallback               0x0800176f   Thumb Code     2  stm32f4xx_hal_uart.o(i.HAL_UARTEx_RxEventCallback)
    HAL_UART_ErrorCallback                   0x08001771   Thumb Code     2  stm32f4xx_hal_uart.o(i.HAL_UART_ErrorCallback)
    HAL_UART_IRQHandler                      0x08001775   Thumb Code   610  stm32f4xx_hal_uart.o(i.HAL_UART_IRQHandler)
    HAL_UART_Init                            0x080019dd   Thumb Code    98  stm32f4xx_hal_uart.o(i.HAL_UART_Init)
    HAL_UART_MspInit                         0x08001a41   Thumb Code   336  usart.o(i.HAL_UART_MspInit)
    HAL_UART_Receive                         0x08001bb5   Thumb Code   192  stm32f4xx_hal_uart.o(i.HAL_UART_Receive)
    HAL_UART_Receive_IT                      0x08001c75   Thumb Code    42  stm32f4xx_hal_uart.o(i.HAL_UART_Receive_IT)
    HAL_UART_RxCpltCallback                  0x08001ca1   Thumb Code   350  pns.o(i.HAL_UART_RxCpltCallback)
    HAL_UART_Transmit                        0x08001e15   Thumb Code   178  stm32f4xx_hal_uart.o(i.HAL_UART_Transmit)
    HAL_UART_Transmit_IT                     0x08001ec7   Thumb Code    62  stm32f4xx_hal_uart.o(i.HAL_UART_Transmit_IT)
    HAL_UART_TxCpltCallback                  0x08001f05   Thumb Code     2  stm32f4xx_hal_uart.o(i.HAL_UART_TxCpltCallback)
    Hand_model_explain                       0x08001f09   Thumb Code   406  pns.o(i.Hand_model_explain)
    HardFault_Handler                        0x080020b9   Thumb Code     2  stm32f4xx_it.o(i.HardFault_Handler)
    Led_Bug_task_function                    0x080020bd   Thumb Code    24  freertos.o(i.Led_Bug_task_function)
    MX_FREERTOS_Init                         0x080020d9   Thumb Code    96  freertos.o(i.MX_FREERTOS_Init)
    MX_GPIO_Init                             0x08002141   Thumb Code   290  gpio.o(i.MX_GPIO_Init)
    MX_TIM1_Init                             0x08002279   Thumb Code    96  tim.o(i.MX_TIM1_Init)
    MX_TIM2_Init                             0x080022e1   Thumb Code    96  tim.o(i.MX_TIM2_Init)
    MX_TIM4_Init                             0x08002345   Thumb Code    94  tim.o(i.MX_TIM4_Init)
    MX_UART7_Init                            0x080023ad   Thumb Code    62  usart.o(i.MX_UART7_Init)
    MX_USART2_UART_Init                      0x080023f5   Thumb Code    62  usart.o(i.MX_USART2_UART_Init)
    MX_USART3_UART_Init                      0x0800243d   Thumb Code    48  usart.o(i.MX_USART3_UART_Init)
    MX_USART6_UART_Init                      0x08002475   Thumb Code    62  usart.o(i.MX_USART6_UART_Init)
    Mcu_To_Pns                               0x080024bd   Thumb Code   412  pns.o(i.Mcu_To_Pns)
    MemManage_Handler                        0x08002691   Thumb Code     2  stm32f4xx_it.o(i.MemManage_Handler)
    NMI_Handler                              0x08002693   Thumb Code     2  stm32f4xx_it.o(i.NMI_Handler)
    PNS_to2_mcu_Right                        0x08002695   Thumb Code   124  control.o(i.PNS_to2_mcu_Right)
    PNS_to6_mcu_Left                         0x08002719   Thumb Code   124  control.o(i.PNS_to6_mcu_Left)
    PNS_to7_mcu_Baibi                        0x0800279d   Thumb Code   128  control.o(i.PNS_to7_mcu_Baibi)
    RS485_Receive_Data                       0x08002825   Thumb Code    46  usart.o(i.RS485_Receive_Data)
    RS485_Receive_Data_6                     0x0800285d   Thumb Code    46  usart.o(i.RS485_Receive_Data_6)
    RS485_Send_Data                          0x08002895   Thumb Code    24  usart.o(i.RS485_Send_Data)
    RS485_Send_Data_6                        0x080028b5   Thumb Code    24  usart.o(i.RS485_Send_Data_6)
    RS485_Send_Data_7                        0x080028d5   Thumb Code    24  usart.o(i.RS485_Send_Data_7)
    Read_left_and_right                      0x080028f5   Thumb Code    62  control.o(i.Read_left_and_right)
    Robot_Parament_Init                      0x0800293d   Thumb Code    30  parements.o(i.Robot_Parament_Init)
    SUM_Cal                                  0x08002965   Thumb Code    24  function.o(i.SUM_Cal)
    Send_four_and_six                        0x0800297d   Thumb Code    44  control.o(i.Send_four_and_six)
    StartDefaultTask                         0x080029a9   Thumb Code    12  freertos.o(i.StartDefaultTask)
    SysTick_Handler                          0x080029b5   Thumb Code    38  port.o(i.SysTick_Handler)
    SystemClock_Config                       0x080029e1   Thumb Code   148  main.o(i.SystemClock_Config)
    SystemInit                               0x08002a7d   Thumb Code    12  system_stm32f4xx.o(i.SystemInit)
    TIM1_BRK_TIM9_IRQHandler                 0x08002a8d   Thumb Code     6  stm32f4xx_it.o(i.TIM1_BRK_TIM9_IRQHandler)
    TIM1_CC_IRQHandler                       0x08002a99   Thumb Code     6  stm32f4xx_it.o(i.TIM1_CC_IRQHandler)
    TIM1_TRG_COM_TIM11_IRQHandler            0x08002aa5   Thumb Code     6  stm32f4xx_it.o(i.TIM1_TRG_COM_TIM11_IRQHandler)
    TIM1_UP_TIM10_IRQHandler                 0x08002ab1   Thumb Code     6  stm32f4xx_it.o(i.TIM1_UP_TIM10_IRQHandler)
    TIM2_IRQHandler                          0x08002abd   Thumb Code     6  stm32f4xx_it.o(i.TIM2_IRQHandler)
    TIM4_IRQHandler                          0x08002ac9   Thumb Code     6  stm32f4xx_it.o(i.TIM4_IRQHandler)
    TIM8_TRG_COM_TIM14_IRQHandler            0x08002ad5   Thumb Code     6  stm32f4xx_it.o(i.TIM8_TRG_COM_TIM14_IRQHandler)
    TIM_Base_SetConfig                       0x08002ae1   Thumb Code   156  stm32f4xx_hal_tim.o(i.TIM_Base_SetConfig)
    TIM_ETR_SetConfig                        0x08002ba9   Thumb Code    20  stm32f4xx_hal_tim.o(i.TIM_ETR_SetConfig)
    UART7_IRQHandler                         0x08002c15   Thumb Code    52  usart.o(i.UART7_IRQHandler)
    UART_Start_Receive_IT                    0x08002e7d   Thumb Code    58  stm32f4xx_hal_uart.o(i.UART_Start_Receive_IT)
    USART2_IRQHandler                        0x08002f31   Thumb Code    50  usart.o(i.USART2_IRQHandler)
    USART3_IRQHandler                        0x08002f71   Thumb Code     6  stm32f4xx_it.o(i.USART3_IRQHandler)
    USART4_read_Date                         0x08002f7d   Thumb Code     8  control.o(i.USART4_read_Date)
    USART6_IRQHandler                        0x08002f89   Thumb Code    50  usart.o(i.USART6_IRQHandler)
    USART6_read_Date                         0x08002fc9   Thumb Code     8  control.o(i.USART6_read_Date)
    USART7_read_Date                         0x08002fd5   Thumb Code     8  control.o(i.USART7_read_Date)
    UsageFault_Handler                       0x08002fe1   Thumb Code     2  stm32f4xx_it.o(i.UsageFault_Handler)
    Usart4_Bug_task_function                 0x08002fe5   Thumb Code    46  freertos.o(i.Usart4_Bug_task_function)
    Usart6_Bug_task_function                 0x08003025   Thumb Code    66  freertos.o(i.Usart6_Bug_task_function)
    main                                     0x08003095   Thumb Code   112  main.o(i.main)
    modbus_handle                            0x0800312d   Thumb Code    60  control.o(i.modbus_handle)
    osDelay                                  0x08003169   Thumb Code    14  cmsis_os.o(i.osDelay)
    osKernelStart                            0x08003177   Thumb Code    10  cmsis_os.o(i.osKernelStart)
    osThreadCreate                           0x08003181   Thumb Code    84  cmsis_os.o(i.osThreadCreate)
    pvPortMalloc                             0x08003521   Thumb Code   216  heap_4.o(i.pvPortMalloc)
    pxPortInitialiseStack                    0x080035fd   Thumb Code    40  port.o(i.pxPortInitialiseStack)
    target_limit_float                       0x08003629   Thumb Code    32  function.o(i.target_limit_float)
    uxListRemove                             0x08003649   Thumb Code    38  list.o(i.uxListRemove)
    vApplicationGetIdleTaskMemory            0x08003671   Thumb Code    16  freertos.o(i.vApplicationGetIdleTaskMemory)
    vListInitialise                          0x08003685   Thumb Code    22  list.o(i.vListInitialise)
    vListInitialiseItem                      0x0800369b   Thumb Code     6  list.o(i.vListInitialiseItem)
    vListInsert                              0x080036a1   Thumb Code    48  list.o(i.vListInsert)
    vListInsertEnd                           0x080036d1   Thumb Code    24  list.o(i.vListInsertEnd)
    vPortEnterCritical                       0x080036e9   Thumb Code    54  port.o(i.vPortEnterCritical)
    vPortExitCritical                        0x08003729   Thumb Code    34  port.o(i.vPortExitCritical)
    vPortFree                                0x08003751   Thumb Code    94  heap_4.o(i.vPortFree)
    vPortSetupTimerInterrupt                 0x080037b5   Thumb Code    32  port.o(i.vPortSetupTimerInterrupt)
    vTaskDelay                               0x080037d9   Thumb Code    66  tasks.o(i.vTaskDelay)
    vTaskStartScheduler                      0x08003825   Thumb Code    90  tasks.o(i.vTaskStartScheduler)
    vTaskSuspendAll                          0x08003891   Thumb Code    10  tasks.o(i.vTaskSuspendAll)
    vTaskSwitchContext                       0x080038a1   Thumb Code    82  tasks.o(i.vTaskSwitchContext)
    xPortStartScheduler                      0x080038fd   Thumb Code   222  port.o(i.xPortStartScheduler)
    xTaskCreate                              0x080039f1   Thumb Code    90  tasks.o(i.xTaskCreate)
    xTaskCreateStatic                        0x08003a4b   Thumb Code    86  tasks.o(i.xTaskCreateStatic)
    xTaskIncrementTick                       0x08003aa1   Thumb Code   194  tasks.o(i.xTaskIncrementTick)
    xTaskResumeAll                           0x08003b6d   Thumb Code   182  tasks.o(i.xTaskResumeAll)
    __aeabi_d2f                              0x08003c31   Thumb Code     0  d2f.o(x$fpl$d2f)
    _d2f                                     0x08003c31   Thumb Code    98  d2f.o(x$fpl$d2f)
    __aeabi_dadd                             0x08003c95   Thumb Code     0  daddsub_clz.o(x$fpl$dadd)
    _dadd                                    0x08003c95   Thumb Code   332  daddsub_clz.o(x$fpl$dadd)
    __aeabi_ddiv                             0x08003de5   Thumb Code     0  ddiv.o(x$fpl$ddiv)
    _ddiv                                    0x08003de5   Thumb Code   552  ddiv.o(x$fpl$ddiv)
    __aeabi_d2iz                             0x08004095   Thumb Code     0  dfix.o(x$fpl$dfix)
    _dfix                                    0x08004095   Thumb Code    94  dfix.o(x$fpl$dfix)
    __aeabi_i2d                              0x080040f3   Thumb Code     0  dflt_clz.o(x$fpl$dflt)
    _dflt                                    0x080040f3   Thumb Code    46  dflt_clz.o(x$fpl$dflt)
    __aeabi_dmul                             0x08004121   Thumb Code     0  dmul.o(x$fpl$dmul)
    _dmul                                    0x08004121   Thumb Code   332  dmul.o(x$fpl$dmul)
    __fpl_dnaninf                            0x08004275   Thumb Code   156  dnaninf.o(x$fpl$dnaninf)
    __fpl_dretinf                            0x08004311   Thumb Code    12  dretinf.o(x$fpl$dretinf)
    __aeabi_dsub                             0x0800431d   Thumb Code     0  daddsub_clz.o(x$fpl$dsub)
    _dsub                                    0x0800431d   Thumb Code   464  daddsub_clz.o(x$fpl$dsub)
    __aeabi_f2d                              0x080044f1   Thumb Code     0  f2d.o(x$fpl$f2d)
    _f2d                                     0x080044f1   Thumb Code    86  f2d.o(x$fpl$f2d)
    __fpl_fnaninf                            0x08004547   Thumb Code   140  fnaninf.o(x$fpl$fnaninf)
    _fp_init                                 0x080045d3   Thumb Code    10  fpinit.o(x$fpl$fpinit)
    __fplib_config_fpu_vfp                   0x080045db   Thumb Code     0  fpinit.o(x$fpl$fpinit)
    __fplib_config_pureend_doubles           0x080045db   Thumb Code     0  fpinit.o(x$fpl$fpinit)
    __fpl_fretinf                            0x080045dd   Thumb Code    10  fretinf.o(x$fpl$fretinf)
    __I$use$fp                               0x080045e6   Number         0  usenofp.o(x$fpl$usenofp)
    AHBPrescTable                            0x08004658   Data          16  system_stm32f4xx.o(.constdata)
    APBPrescTable                            0x08004668   Data           8  system_stm32f4xx.o(.constdata)
    Region$$Table$$Base                      0x080046ac   Number         0  anon$$obj.o(Region$$Table)
    Region$$Table$$Limit                     0x080046cc   Number         0  anon$$obj.o(Region$$Table)
    Tim_count                                0x20000000   Data           2  main.o(.data)
    Tim2_count                               0x20000002   Data           2  main.o(.data)
    Speed_left                               0x20000004   Data           2  freertos.o(.data)
    Speed_Right                              0x20000006   Data           2  freertos.o(.data)
    read                                     0x20000008   Data           2  freertos.o(.data)
    send                                     0x2000000a   Data           2  freertos.o(.data)
    read_finish                              0x2000000c   Data           2  freertos.o(.data)
    defaultTaskHandle                        0x20000010   Data           4  freertos.o(.data)
    Led_Bug_taskHandle                       0x20000014   Data           4  freertos.o(.data)
    Usart4_Bug_taskHandle                    0x20000018   Data           4  freertos.o(.data)
    Usart6_Bug_taskHandle                    0x2000001c   Data           4  freertos.o(.data)
    RS485_RX_CNT_2                           0x20000020   Data           1  usart.o(.data)
    RS485_RX_CNT_6                           0x20000021   Data           1  usart.o(.data)
    RS485_RX_CNT_7                           0x20000022   Data           1  usart.o(.data)
    uwTickFreq                               0x20000024   Data           1  stm32f4xx_hal.o(.data)
    uwTickPrio                               0x20000028   Data           4  stm32f4xx_hal.o(.data)
    uwTick                                   0x2000002c   Data           4  stm32f4xx_hal.o(.data)
    SystemCoreClock                          0x20000030   Data           4  system_stm32f4xx.o(.data)
    pxCurrentTCB                             0x20000034   Data           4  tasks.o(.data)
    key                                      0x2000009c   Data           1  control.o(.data)
    read_485_Left_and_right                  0x2000009d   Data           8  control.o(.data)
    send_485_Left                            0x200000a5   Data          10  control.o(.data)
    send_485_2_Right                         0x200000af   Data          10  control.o(.data)
    send_485_7_Baibi                         0x200000b9   Data          10  control.o(.data)
    start_bit                                0x200002c4   Data           1  pns.o(.data)
    suqare_mode                              0x200002c5   Data           1  pns.o(.data)
    suqare_bit1                              0x200002c6   Data           1  pns.o(.data)
    Robot_mode                               0x200002c7   Data           1  pns.o(.data)
    Auto_to_Hand                             0x200002c8   Data           1  pns.o(.data)
    Receive_Finish                           0x200002c9   Data           1  pns.o(.data)
    RxState                                  0x200002ca   Data           1  pns.o(.data)
    RxState_ok                               0x200002cb   Data           1  pns.o(.data)
    receivedDate                             0x200002cc   Data           1  pns.o(.data)
    receivedLength                           0x200002cd   Data           1  pns.o(.data)
    receivedCount                            0x200002ce   Data           1  pns.o(.data)
    Hand_to_Auto                             0x200002cf   Data           1  pns.o(.data)
    send_bit                                 0x200002d0   Data           1  pns.o(.data)
    SVL                                      0x200002d2   Data           2  pns.o(.data)
    SVR                                      0x200002d4   Data           2  pns.o(.data)
    PW1_up_down                              0x200002d8   Data           4  pns.o(.data)
    PW2_left_right                           0x200002dc   Data           4  pns.o(.data)
    PW3_baibi                                0x200002e0   Data           4  pns.o(.data)
    PW4_Vx_multiple                          0x200002e4   Data           4  pns.o(.data)
    PW5_Wx_multiple                          0x200002e8   Data           4  pns.o(.data)
    Vx_multiple                              0x200002ec   Data           4  pns.o(.data)
    Wx_multiple                              0x200002f0   Data           4  pns.o(.data)
    Mode_change                              0x200002f4   Data           4  pns.o(.data)
    Car_Left_Speed                           0x200002f8   Data           4  pns.o(.data)
    Car_Right_Speed                          0x200002fc   Data           4  pns.o(.data)
    Car_Baibi_Speed                          0x20000300   Data           4  pns.o(.data)
    amplitude_x                              0x20000304   Data           4  pns.o(.data)
    amplitude_w                              0x20000308   Data           4  pns.o(.data)
    target_Vx                                0x2000030c   Data           4  pns.o(.data)
    target_Wz                                0x20000310   Data           4  pns.o(.data)
    PPM_Sample_Cnt                           0x20000314   Data           2  pns.o(.data)
    PPM_Chn_Max                              0x20000316   Data           1  pns.o(.data)
    PPM_Time                                 0x20000318   Data           4  pns.o(.data)
    PPM_Okay                                 0x2000031c   Data           2  pns.o(.data)
    htim1                                    0x20000574   Data          72  tim.o(.bss)
    htim2                                    0x200005bc   Data          72  tim.o(.bss)
    htim4                                    0x20000604   Data          72  tim.o(.bss)
    RS485_RX_BUF_2                           0x2000064c   Data          64  usart.o(.bss)
    RS485_RX_BUF_6                           0x2000068c   Data          64  usart.o(.bss)
    RS485_RX_BUF_7                           0x200006cc   Data          64  usart.o(.bss)
    huart7                                   0x2000070c   Data          68  usart.o(.bss)
    huart2                                   0x20000750   Data          68  usart.o(.bss)
    huart3                                   0x20000794   Data          68  usart.o(.bss)
    huart6                                   0x200007d8   Data          68  usart.o(.bss)
    htim14                                   0x2000081c   Data          72  stm32f4xx_hal_timebase_tim.o(.bss)
    send_485_1_Left                          0x20004554   Data          18  control.o(.bss)
    send_485_1_2_Right                       0x20004566   Data          18  control.o(.bss)
    send_485_1_7_Baibi                       0x20004578   Data          18  control.o(.bss)
    receive_485_Left                         0x2000458a   Data          10  control.o(.bss)
    receive_485_Right                        0x20004594   Data          10  control.o(.bss)
    PPM_Databuf                              0x200045a0   Data          26  pns.o(.bss)
    receivedPns                              0x200045ba   Data          16  pns.o(.bss)
    sendPns                                  0x200045ca   Data          22  pns.o(.bss)
    MOTOR_A                                  0x200045e0   Data          32  pns.o(.bss)
    MOTOR_B                                  0x20004600   Data          32  pns.o(.bss)
    Send_Data                                0x20004620   Data          36  pns.o(.bss)
    Command_Data                             0x20004644   Data          64  pns.o(.bss)
    Robot_Parament                           0x20004684   Data          32  pns.o(.bss)
    __libspace_start                         0x200046a4   Data          96  libspace.o(.bss)
    __temporary_stack_top$libspace           0x20004704   Data           0  libspace.o(.bss)



==============================================================================

Memory Map of the image

  Image Entry point : 0x080001ad

  Load Region LR_IROM1 (Base: 0x08000000, Size: 0x000049ec, Max: 0x00200000, ABSOLUTE, COMPRESSED[0x00004828])

    Execution Region ER_IROM1 (Exec base: 0x08000000, Load base: 0x08000000, Size: 0x000046cc, Max: 0x00200000, ABSOLUTE)

    Exec Addr    Load Addr    Size         Type   Attr      Idx    E Section Name        Object

    0x08000000   0x08000000   0x000001ac   Data   RO            3    RESET               startup_stm32f427xx.o
    0x080001ac   0x080001ac   0x00000008   Code   RO         4855  * !!!main             c_w.l(__main.o)
    0x080001b4   0x080001b4   0x00000034   Code   RO         5061    !!!scatter          c_w.l(__scatter.o)
    0x080001e8   0x080001e8   0x0000005a   Code   RO         5059    !!dczerorl2         c_w.l(__dczerorl2.o)
    0x08000242   0x08000242   0x00000002   PAD
    0x08000244   0x08000244   0x0000001c   Code   RO         5063    !!handler_zi        c_w.l(__scatter_zi.o)
    0x08000260   0x08000260   0x00000002   Code   RO         4927    .ARM.Collect$$libinit$$00000000  c_w.l(libinit.o)
    0x08000262   0x08000262   0x00000004   Code   RO         4939    .ARM.Collect$$libinit$$00000001  c_w.l(libinit2.o)
    0x08000266   0x08000266   0x00000000   Code   RO         4942    .ARM.Collect$$libinit$$00000004  c_w.l(libinit2.o)
    0x08000266   0x08000266   0x00000000   Code   RO         4945    .ARM.Collect$$libinit$$0000000A  c_w.l(libinit2.o)
    0x08000266   0x08000266   0x00000000   Code   RO         4947    .ARM.Collect$$libinit$$0000000C  c_w.l(libinit2.o)
    0x08000266   0x08000266   0x00000000   Code   RO         4949    .ARM.Collect$$libinit$$0000000E  c_w.l(libinit2.o)
    0x08000266   0x08000266   0x00000000   Code   RO         4952    .ARM.Collect$$libinit$$00000011  c_w.l(libinit2.o)
    0x08000266   0x08000266   0x00000000   Code   RO         4954    .ARM.Collect$$libinit$$00000013  c_w.l(libinit2.o)
    0x08000266   0x08000266   0x00000000   Code   RO         4956    .ARM.Collect$$libinit$$00000015  c_w.l(libinit2.o)
    0x08000266   0x08000266   0x00000000   Code   RO         4958    .ARM.Collect$$libinit$$00000017  c_w.l(libinit2.o)
    0x08000266   0x08000266   0x00000000   Code   RO         4960    .ARM.Collect$$libinit$$00000019  c_w.l(libinit2.o)
    0x08000266   0x08000266   0x00000000   Code   RO         4962    .ARM.Collect$$libinit$$0000001B  c_w.l(libinit2.o)
    0x08000266   0x08000266   0x00000000   Code   RO         4964    .ARM.Collect$$libinit$$0000001D  c_w.l(libinit2.o)
    0x08000266   0x08000266   0x00000000   Code   RO         4966    .ARM.Collect$$libinit$$0000001F  c_w.l(libinit2.o)
    0x08000266   0x08000266   0x00000000   Code   RO         4968    .ARM.Collect$$libinit$$00000021  c_w.l(libinit2.o)
    0x08000266   0x08000266   0x00000000   Code   RO         4970    .ARM.Collect$$libinit$$00000023  c_w.l(libinit2.o)
    0x08000266   0x08000266   0x00000000   Code   RO         4972    .ARM.Collect$$libinit$$00000025  c_w.l(libinit2.o)
    0x08000266   0x08000266   0x00000000   Code   RO         4976    .ARM.Collect$$libinit$$0000002C  c_w.l(libinit2.o)
    0x08000266   0x08000266   0x00000000   Code   RO         4978    .ARM.Collect$$libinit$$0000002E  c_w.l(libinit2.o)
    0x08000266   0x08000266   0x00000000   Code   RO         4980    .ARM.Collect$$libinit$$00000030  c_w.l(libinit2.o)
    0x08000266   0x08000266   0x00000000   Code   RO         4982    .ARM.Collect$$libinit$$00000032  c_w.l(libinit2.o)
    0x08000266   0x08000266   0x00000002   Code   RO         4983    .ARM.Collect$$libinit$$00000033  c_w.l(libinit2.o)
    0x08000268   0x08000268   0x00000002   Code   RO         5014    .ARM.Collect$$libshutdown$$00000000  c_w.l(libshutdown.o)
    0x0800026a   0x0800026a   0x00000000   Code   RO         5040    .ARM.Collect$$libshutdown$$00000002  c_w.l(libshutdown2.o)
    0x0800026a   0x0800026a   0x00000000   Code   RO         5042    .ARM.Collect$$libshutdown$$00000004  c_w.l(libshutdown2.o)
    0x0800026a   0x0800026a   0x00000000   Code   RO         5044    .ARM.Collect$$libshutdown$$00000006  c_w.l(libshutdown2.o)
    0x0800026a   0x0800026a   0x00000000   Code   RO         5047    .ARM.Collect$$libshutdown$$00000009  c_w.l(libshutdown2.o)
    0x0800026a   0x0800026a   0x00000000   Code   RO         5050    .ARM.Collect$$libshutdown$$0000000C  c_w.l(libshutdown2.o)
    0x0800026a   0x0800026a   0x00000000   Code   RO         5052    .ARM.Collect$$libshutdown$$0000000E  c_w.l(libshutdown2.o)
    0x0800026a   0x0800026a   0x00000000   Code   RO         5055    .ARM.Collect$$libshutdown$$00000011  c_w.l(libshutdown2.o)
    0x0800026a   0x0800026a   0x00000002   Code   RO         5056    .ARM.Collect$$libshutdown$$00000012  c_w.l(libshutdown2.o)
    0x0800026c   0x0800026c   0x00000000   Code   RO         4883    .ARM.Collect$$rtentry$$00000000  c_w.l(__rtentry.o)
    0x0800026c   0x0800026c   0x00000000   Code   RO         4898    .ARM.Collect$$rtentry$$00000002  c_w.l(__rtentry2.o)
    0x0800026c   0x0800026c   0x00000006   Code   RO         4910    .ARM.Collect$$rtentry$$00000004  c_w.l(__rtentry4.o)
    0x08000272   0x08000272   0x00000000   Code   RO         4900    .ARM.Collect$$rtentry$$00000009  c_w.l(__rtentry2.o)
    0x08000272   0x08000272   0x00000004   Code   RO         4901    .ARM.Collect$$rtentry$$0000000A  c_w.l(__rtentry2.o)
    0x08000276   0x08000276   0x00000000   Code   RO         4903    .ARM.Collect$$rtentry$$0000000C  c_w.l(__rtentry2.o)
    0x08000276   0x08000276   0x00000008   Code   RO         4904    .ARM.Collect$$rtentry$$0000000D  c_w.l(__rtentry2.o)
    0x0800027e   0x0800027e   0x00000002   Code   RO         4931    .ARM.Collect$$rtexit$$00000000  c_w.l(rtexit.o)
    0x08000280   0x08000280   0x00000000   Code   RO         4987    .ARM.Collect$$rtexit$$00000002  c_w.l(rtexit2.o)
    0x08000280   0x08000280   0x00000004   Code   RO         4988    .ARM.Collect$$rtexit$$00000003  c_w.l(rtexit2.o)
    0x08000284   0x08000284   0x00000006   Code   RO         4989    .ARM.Collect$$rtexit$$00000004  c_w.l(rtexit2.o)
    0x0800028a   0x0800028a   0x00000002   PAD
    0x0800028c   0x0800028c   0x000000be   Code   RO         4469    .emb_text           port.o
    0x0800034a   0x0800034a   0x00000002   PAD
    0x0800034c   0x0800034c   0x00000040   Code   RO            4    .text               startup_stm32f427xx.o
    0x0800038c   0x0800038c   0x000000ee   Code   RO         4841    .text               c_w.l(lludivv7m.o)
    0x0800047a   0x0800047a   0x00000064   Code   RO         4845    .text               c_w.l(rt_memcpy_w.o)
    0x080004de   0x080004de   0x00000044   Code   RO         4849    .text               c_w.l(rt_memclr.o)
    0x08000522   0x08000522   0x0000004e   Code   RO         4851    .text               c_w.l(rt_memclr_w.o)
    0x08000570   0x08000570   0x00000006   Code   RO         4853    .text               c_w.l(heapauxi.o)
    0x08000576   0x08000576   0x0000004a   Code   RO         4914    .text               c_w.l(sys_stackheap_outer.o)
    0x080005c0   0x080005c0   0x00000012   Code   RO         4916    .text               c_w.l(exit.o)
    0x080005d2   0x080005d2   0x00000002   PAD
    0x080005d4   0x080005d4   0x00000008   Code   RO         4928    .text               c_w.l(libspace.o)
    0x080005dc   0x080005dc   0x0000000c   Code   RO         4984    .text               c_w.l(sys_exit.o)
    0x080005e8   0x080005e8   0x00000002   Code   RO         5003    .text               c_w.l(use_no_semi.o)
    0x080005ea   0x080005ea   0x00000000   Code   RO         5005    .text               c_w.l(indicate_semi.o)
    0x080005ea   0x080005ea   0x00000002   Code   RO          495    i.BusFault_Handler  stm32f4xx_it.o
    0x080005ec   0x080005ec   0x0000002c   Code   RO         4643    i.CRC16             mbcrc.o
    0x08000618   0x08000618   0x00000002   Code   RO          496    i.DebugMon_Handler  stm32f4xx_it.o
    0x0800061a   0x0800061a   0x00000002   PAD
    0x0800061c   0x0800061c   0x0000009c   Code   RO         4669    i.Drive_Motor       pns.o
    0x080006b8   0x080006b8   0x00000008   Code   RO          497    i.EXTI15_10_IRQHandler  stm32f4xx_it.o
    0x080006c0   0x080006c0   0x00000004   Code   RO           13    i.Error_Handler     main.o
    0x080006c4   0x080006c4   0x00000092   Code   RO         1184    i.HAL_DMA_Abort     stm32f4xx_hal_dma.o
    0x08000756   0x08000756   0x00000024   Code   RO         1185    i.HAL_DMA_Abort_IT  stm32f4xx_hal_dma.o
    0x0800077a   0x0800077a   0x00000002   PAD
    0x0800077c   0x0800077c   0x00000024   Code   RO         1621    i.HAL_Delay         stm32f4xx_hal.o
    0x080007a0   0x080007a0   0x00000064   Code   RO           14    i.HAL_GPIO_EXTI_Callback  main.o
    0x08000804   0x08000804   0x00000018   Code   RO         1076    i.HAL_GPIO_EXTI_IRQHandler  stm32f4xx_hal_gpio.o
    0x0800081c   0x0800081c   0x00000234   Code   RO         1077    i.HAL_GPIO_Init     stm32f4xx_hal_gpio.o
    0x08000a50   0x08000a50   0x00000010   Code   RO         1080    i.HAL_GPIO_TogglePin  stm32f4xx_hal_gpio.o
    0x08000a60   0x08000a60   0x0000000a   Code   RO         1081    i.HAL_GPIO_WritePin  stm32f4xx_hal_gpio.o
    0x08000a6a   0x08000a6a   0x00000002   PAD
    0x08000a6c   0x08000a6c   0x0000000c   Code   RO         1629    i.HAL_GetTick       stm32f4xx_hal.o
    0x08000a78   0x08000a78   0x00000010   Code   RO         1635    i.HAL_IncTick       stm32f4xx_hal.o
    0x08000a88   0x08000a88   0x00000034   Code   RO         1636    i.HAL_Init          stm32f4xx_hal.o
    0x08000abc   0x08000abc   0x00000074   Code   RO          631    i.HAL_InitTick      stm32f4xx_hal_timebase_tim.o
    0x08000b30   0x08000b30   0x00000038   Code   RO          607    i.HAL_MspInit       stm32f4xx_hal_msp.o
    0x08000b68   0x08000b68   0x0000001a   Code   RO         1484    i.HAL_NVIC_EnableIRQ  stm32f4xx_hal_cortex.o
    0x08000b82   0x08000b82   0x00000002   PAD
    0x08000b84   0x08000b84   0x00000040   Code   RO         1490    i.HAL_NVIC_SetPriority  stm32f4xx_hal_cortex.o
    0x08000bc4   0x08000bc4   0x00000024   Code   RO         1491    i.HAL_NVIC_SetPriorityGrouping  stm32f4xx_hal_cortex.o
    0x08000be8   0x08000be8   0x00000070   Code   RO         1413    i.HAL_PWREx_EnableOverDrive  stm32f4xx_hal_pwr_ex.o
    0x08000c58   0x08000c58   0x00000134   Code   RO          671    i.HAL_RCC_ClockConfig  stm32f4xx_hal_rcc.o
    0x08000d8c   0x08000d8c   0x00000040   Code   RO          675    i.HAL_RCC_GetClockConfig  stm32f4xx_hal_rcc.o
    0x08000dcc   0x08000dcc   0x00000020   Code   RO          678    i.HAL_RCC_GetPCLK1Freq  stm32f4xx_hal_rcc.o
    0x08000dec   0x08000dec   0x00000020   Code   RO          679    i.HAL_RCC_GetPCLK2Freq  stm32f4xx_hal_rcc.o
    0x08000e0c   0x08000e0c   0x00000060   Code   RO          680    i.HAL_RCC_GetSysClockFreq  stm32f4xx_hal_rcc.o
    0x08000e6c   0x08000e6c   0x0000036c   Code   RO          683    i.HAL_RCC_OscConfig  stm32f4xx_hal_rcc.o
    0x080011d8   0x080011d8   0x00000002   Code   RO         2590    i.HAL_TIMEx_BreakCallback  stm32f4xx_hal_tim_ex.o
    0x080011da   0x080011da   0x00000002   Code   RO         2591    i.HAL_TIMEx_CommutCallback  stm32f4xx_hal_tim_ex.o
    0x080011dc   0x080011dc   0x00000090   Code   RO         2609    i.HAL_TIMEx_MasterConfigSynchronization  stm32f4xx_hal_tim_ex.o
    0x0800126c   0x0800126c   0x0000005a   Code   RO         1886    i.HAL_TIM_Base_Init  stm32f4xx_hal_tim.o
    0x080012c6   0x080012c6   0x00000002   PAD
    0x080012c8   0x080012c8   0x000000bc   Code   RO          327    i.HAL_TIM_Base_MspInit  tim.o
    0x08001384   0x08001384   0x00000078   Code   RO         1889    i.HAL_TIM_Base_Start  stm32f4xx_hal_tim.o
    0x080013fc   0x080013fc   0x00000080   Code   RO         1891    i.HAL_TIM_Base_Start_IT  stm32f4xx_hal_tim.o
    0x0800147c   0x0800147c   0x00000030   Code   RO         1894    i.HAL_TIM_Base_Stop_IT  stm32f4xx_hal_tim.o
    0x080014ac   0x080014ac   0x000000dc   Code   RO         1895    i.HAL_TIM_ConfigClockSource  stm32f4xx_hal_tim.o
    0x08001588   0x08001588   0x00000002   Code   RO         1920    i.HAL_TIM_IC_CaptureCallback  stm32f4xx_hal_tim.o
    0x0800158a   0x0800158a   0x00000166   Code   RO         1934    i.HAL_TIM_IRQHandler  stm32f4xx_hal_tim.o
    0x080016f0   0x080016f0   0x00000002   Code   RO         1937    i.HAL_TIM_OC_DelayElapsedCallback  stm32f4xx_hal_tim.o
    0x080016f2   0x080016f2   0x00000002   Code   RO         1964    i.HAL_TIM_PWM_PulseFinishedCallback  stm32f4xx_hal_tim.o
    0x080016f4   0x080016f4   0x00000078   Code   RO           15    i.HAL_TIM_PeriodElapsedCallback  main.o
    0x0800176c   0x0800176c   0x00000002   Code   RO         1977    i.HAL_TIM_TriggerCallback  stm32f4xx_hal_tim.o
    0x0800176e   0x0800176e   0x00000002   Code   RO         2868    i.HAL_UARTEx_RxEventCallback  stm32f4xx_hal_uart.o
    0x08001770   0x08001770   0x00000002   Code   RO         2882    i.HAL_UART_ErrorCallback  stm32f4xx_hal_uart.o
    0x08001772   0x08001772   0x00000002   PAD
    0x08001774   0x08001774   0x00000268   Code   RO         2885    i.HAL_UART_IRQHandler  stm32f4xx_hal_uart.o
    0x080019dc   0x080019dc   0x00000062   Code   RO         2886    i.HAL_UART_Init     stm32f4xx_hal_uart.o
    0x08001a3e   0x08001a3e   0x00000002   PAD
    0x08001a40   0x08001a40   0x00000174   Code   RO          381    i.HAL_UART_MspInit  usart.o
    0x08001bb4   0x08001bb4   0x000000c0   Code   RO         2889    i.HAL_UART_Receive  stm32f4xx_hal_uart.o
    0x08001c74   0x08001c74   0x0000002a   Code   RO         2891    i.HAL_UART_Receive_IT  stm32f4xx_hal_uart.o
    0x08001c9e   0x08001c9e   0x00000002   PAD
    0x08001ca0   0x08001ca0   0x00000174   Code   RO         4670    i.HAL_UART_RxCpltCallback  pns.o
    0x08001e14   0x08001e14   0x000000b2   Code   RO         2894    i.HAL_UART_Transmit  stm32f4xx_hal_uart.o
    0x08001ec6   0x08001ec6   0x0000003e   Code   RO         2896    i.HAL_UART_Transmit_IT  stm32f4xx_hal_uart.o
    0x08001f04   0x08001f04   0x00000002   Code   RO         2897    i.HAL_UART_TxCpltCallback  stm32f4xx_hal_uart.o
    0x08001f06   0x08001f06   0x00000002   PAD
    0x08001f08   0x08001f08   0x000001b0   Code   RO         4671    i.Hand_model_explain  pns.o
    0x080020b8   0x080020b8   0x00000002   Code   RO          498    i.HardFault_Handler  stm32f4xx_it.o
    0x080020ba   0x080020ba   0x00000002   PAD
    0x080020bc   0x080020bc   0x0000001c   Code   RO          254    i.Led_Bug_task_function  freertos.o
    0x080020d8   0x080020d8   0x00000068   Code   RO          255    i.MX_FREERTOS_Init  freertos.o
    0x08002140   0x08002140   0x00000138   Code   RO          230    i.MX_GPIO_Init      gpio.o
    0x08002278   0x08002278   0x00000068   Code   RO          328    i.MX_TIM1_Init      tim.o
    0x080022e0   0x080022e0   0x00000064   Code   RO          329    i.MX_TIM2_Init      tim.o
    0x08002344   0x08002344   0x00000068   Code   RO          330    i.MX_TIM4_Init      tim.o
    0x080023ac   0x080023ac   0x00000048   Code   RO          382    i.MX_UART7_Init     usart.o
    0x080023f4   0x080023f4   0x00000048   Code   RO          383    i.MX_USART2_UART_Init  usart.o
    0x0800243c   0x0800243c   0x00000038   Code   RO          384    i.MX_USART3_UART_Init  usart.o
    0x08002474   0x08002474   0x00000048   Code   RO          385    i.MX_USART6_UART_Init  usart.o
    0x080024bc   0x080024bc   0x000001d4   Code   RO         4672    i.Mcu_To_Pns        pns.o
    0x08002690   0x08002690   0x00000002   Code   RO          499    i.MemManage_Handler  stm32f4xx_it.o
    0x08002692   0x08002692   0x00000002   Code   RO          500    i.NMI_Handler       stm32f4xx_it.o
    0x08002694   0x08002694   0x00000084   Code   RO         4549    i.PNS_to2_mcu_Right  control.o
    0x08002718   0x08002718   0x00000084   Code   RO         4550    i.PNS_to6_mcu_Left  control.o
    0x0800279c   0x0800279c   0x00000088   Code   RO         4551    i.PNS_to7_mcu_Baibi  control.o
    0x08002824   0x08002824   0x00000038   Code   RO          386    i.RS485_Receive_Data  usart.o
    0x0800285c   0x0800285c   0x00000038   Code   RO          387    i.RS485_Receive_Data_6  usart.o
    0x08002894   0x08002894   0x00000020   Code   RO          389    i.RS485_Send_Data   usart.o
    0x080028b4   0x080028b4   0x00000020   Code   RO          390    i.RS485_Send_Data_6  usart.o
    0x080028d4   0x080028d4   0x00000020   Code   RO          391    i.RS485_Send_Data_7  usart.o
    0x080028f4   0x080028f4   0x00000048   Code   RO         4552    i.Read_left_and_right  control.o
    0x0800293c   0x0800293c   0x00000028   Code   RO         4745    i.Robot_Parament_Init  parements.o
    0x08002964   0x08002964   0x00000018   Code   RO         4780    i.SUM_Cal           function.o
    0x0800297c   0x0800297c   0x0000002c   Code   RO         4553    i.Send_four_and_six  control.o
    0x080029a8   0x080029a8   0x0000000c   Code   RO          256    i.StartDefaultTask  freertos.o
    0x080029b4   0x080029b4   0x0000002c   Code   RO         4470    i.SysTick_Handler   port.o
    0x080029e0   0x080029e0   0x0000009c   Code   RO           16    i.SystemClock_Config  main.o
    0x08002a7c   0x08002a7c   0x00000010   Code   RO         3215    i.SystemInit        system_stm32f4xx.o
    0x08002a8c   0x08002a8c   0x0000000c   Code   RO          501    i.TIM1_BRK_TIM9_IRQHandler  stm32f4xx_it.o
    0x08002a98   0x08002a98   0x0000000c   Code   RO          502    i.TIM1_CC_IRQHandler  stm32f4xx_it.o
    0x08002aa4   0x08002aa4   0x0000000c   Code   RO          503    i.TIM1_TRG_COM_TIM11_IRQHandler  stm32f4xx_it.o
    0x08002ab0   0x08002ab0   0x0000000c   Code   RO          504    i.TIM1_UP_TIM10_IRQHandler  stm32f4xx_it.o
    0x08002abc   0x08002abc   0x0000000c   Code   RO          505    i.TIM2_IRQHandler   stm32f4xx_it.o
    0x08002ac8   0x08002ac8   0x0000000c   Code   RO          506    i.TIM4_IRQHandler   stm32f4xx_it.o
    0x08002ad4   0x08002ad4   0x0000000c   Code   RO          507    i.TIM8_TRG_COM_TIM14_IRQHandler  stm32f4xx_it.o
    0x08002ae0   0x08002ae0   0x000000c8   Code   RO         1979    i.TIM_Base_SetConfig  stm32f4xx_hal_tim.o
    0x08002ba8   0x08002ba8   0x00000014   Code   RO         1990    i.TIM_ETR_SetConfig  stm32f4xx_hal_tim.o
    0x08002bbc   0x08002bbc   0x00000010   Code   RO         1991    i.TIM_ITRx_SetConfig  stm32f4xx_hal_tim.o
    0x08002bcc   0x08002bcc   0x00000022   Code   RO         1997    i.TIM_TI1_ConfigInputStage  stm32f4xx_hal_tim.o
    0x08002bee   0x08002bee   0x00000024   Code   RO         1999    i.TIM_TI2_ConfigInputStage  stm32f4xx_hal_tim.o
    0x08002c12   0x08002c12   0x00000002   PAD
    0x08002c14   0x08002c14   0x0000003c   Code   RO          392    i.UART7_IRQHandler  usart.o
    0x08002c50   0x08002c50   0x00000010   Code   RO         2899    i.UART_DMAAbortOnError  stm32f4xx_hal_uart.o
    0x08002c60   0x08002c60   0x0000004e   Code   RO         2909    i.UART_EndRxTransfer  stm32f4xx_hal_uart.o
    0x08002cae   0x08002cae   0x000000c0   Code   RO         2911    i.UART_Receive_IT   stm32f4xx_hal_uart.o
    0x08002d6e   0x08002d6e   0x00000002   PAD
    0x08002d70   0x08002d70   0x0000010c   Code   RO         2912    i.UART_SetConfig    stm32f4xx_hal_uart.o
    0x08002e7c   0x08002e7c   0x0000003a   Code   RO         2914    i.UART_Start_Receive_IT  stm32f4xx_hal_uart.o
    0x08002eb6   0x08002eb6   0x00000078   Code   RO         2915    i.UART_WaitOnFlagUntilTimeout  stm32f4xx_hal_uart.o
    0x08002f2e   0x08002f2e   0x00000002   PAD
    0x08002f30   0x08002f30   0x00000040   Code   RO          393    i.USART2_IRQHandler  usart.o
    0x08002f70   0x08002f70   0x0000000c   Code   RO          508    i.USART3_IRQHandler  stm32f4xx_it.o
    0x08002f7c   0x08002f7c   0x0000000c   Code   RO         4554    i.USART4_read_Date  control.o
    0x08002f88   0x08002f88   0x00000040   Code   RO          394    i.USART6_IRQHandler  usart.o
    0x08002fc8   0x08002fc8   0x0000000c   Code   RO         4555    i.USART6_read_Date  control.o
    0x08002fd4   0x08002fd4   0x0000000c   Code   RO         4556    i.USART7_read_Date  control.o
    0x08002fe0   0x08002fe0   0x00000002   Code   RO          509    i.UsageFault_Handler  stm32f4xx_it.o
    0x08002fe2   0x08002fe2   0x00000002   PAD
    0x08002fe4   0x08002fe4   0x00000040   Code   RO          257    i.Usart4_Bug_task_function  freertos.o
    0x08003024   0x08003024   0x00000050   Code   RO          258    i.Usart6_Bug_task_function  freertos.o
    0x08003074   0x08003074   0x00000020   Code   RO         1497    i.__NVIC_SetPriority  stm32f4xx_hal_cortex.o
    0x08003094   0x08003094   0x0000008c   Code   RO           17    i.main              main.o
    0x08003120   0x08003120   0x0000000c   Code   RO         4035    i.makeFreeRtosPriority  cmsis_os.o
    0x0800312c   0x0800312c   0x0000003c   Code   RO         4557    i.modbus_handle     control.o
    0x08003168   0x08003168   0x0000000e   Code   RO         4037    i.osDelay           cmsis_os.o
    0x08003176   0x08003176   0x0000000a   Code   RO         4040    i.osKernelStart     cmsis_os.o
    0x08003180   0x08003180   0x00000054   Code   RO         4074    i.osThreadCreate    cmsis_os.o
    0x080031d4   0x080031d4   0x00000070   Code   RO         3717    i.prvAddCurrentTaskToDelayedList  tasks.o
    0x08003244   0x08003244   0x000000d0   Code   RO         3718    i.prvAddNewTaskToReadyList  tasks.o
    0x08003314   0x08003314   0x00000034   Code   RO         3719    i.prvDeleteTCB      tasks.o
    0x08003348   0x08003348   0x0000004c   Code   RO         4402    i.prvHeapInit       heap_4.o
    0x08003394   0x08003394   0x00000060   Code   RO         3720    i.prvIdleTask       tasks.o
    0x080033f4   0x080033f4   0x00000098   Code   RO         3721    i.prvInitialiseNewTask  tasks.o
    0x0800348c   0x0800348c   0x0000004c   Code   RO         4403    i.prvInsertBlockIntoFreeList  heap_4.o
    0x080034d8   0x080034d8   0x00000020   Code   RO         3722    i.prvResetNextTaskUnblockTime  tasks.o
    0x080034f8   0x080034f8   0x00000028   Code   RO         4471    i.prvTaskExitError  port.o
    0x08003520   0x08003520   0x000000dc   Code   RO         4404    i.pvPortMalloc      heap_4.o
    0x080035fc   0x080035fc   0x0000002c   Code   RO         4472    i.pxPortInitialiseStack  port.o
    0x08003628   0x08003628   0x00000020   Code   RO         4783    i.target_limit_float  function.o
    0x08003648   0x08003648   0x00000026   Code   RO         3353    i.uxListRemove      list.o
    0x0800366e   0x0800366e   0x00000002   PAD
    0x08003670   0x08003670   0x00000014   Code   RO          259    i.vApplicationGetIdleTaskMemory  freertos.o
    0x08003684   0x08003684   0x00000016   Code   RO         3354    i.vListInitialise   list.o
    0x0800369a   0x0800369a   0x00000006   Code   RO         3355    i.vListInitialiseItem  list.o
    0x080036a0   0x080036a0   0x00000030   Code   RO         3356    i.vListInsert       list.o
    0x080036d0   0x080036d0   0x00000018   Code   RO         3357    i.vListInsertEnd    list.o
    0x080036e8   0x080036e8   0x00000040   Code   RO         4474    i.vPortEnterCritical  port.o
    0x08003728   0x08003728   0x00000028   Code   RO         4475    i.vPortExitCritical  port.o
    0x08003750   0x08003750   0x00000064   Code   RO         4405    i.vPortFree         heap_4.o
    0x080037b4   0x080037b4   0x00000024   Code   RO         4476    i.vPortSetupTimerInterrupt  port.o
    0x080037d8   0x080037d8   0x0000004c   Code   RO         3731    i.vTaskDelay        tasks.o
    0x08003824   0x08003824   0x0000006c   Code   RO         3744    i.vTaskStartScheduler  tasks.o
    0x08003890   0x08003890   0x00000010   Code   RO         3746    i.vTaskSuspendAll   tasks.o
    0x080038a0   0x080038a0   0x0000005c   Code   RO         3747    i.vTaskSwitchContext  tasks.o
    0x080038fc   0x080038fc   0x000000f4   Code   RO         4478    i.xPortStartScheduler  port.o
    0x080039f0   0x080039f0   0x0000005a   Code   RO         3750    i.xTaskCreate       tasks.o
    0x08003a4a   0x08003a4a   0x00000056   Code   RO         3751    i.xTaskCreateStatic  tasks.o
    0x08003aa0   0x08003aa0   0x000000cc   Code   RO         3758    i.xTaskIncrementTick  tasks.o
    0x08003b6c   0x08003b6c   0x000000c4   Code   RO         3764    i.xTaskResumeAll    tasks.o
    0x08003c30   0x08003c30   0x00000062   Code   RO         4857    x$fpl$d2f           fz_wm.l(d2f.o)
    0x08003c92   0x08003c92   0x00000002   PAD
    0x08003c94   0x08003c94   0x00000150   Code   RO         4859    x$fpl$dadd          fz_wm.l(daddsub_clz.o)
    0x08003de4   0x08003de4   0x000002b0   Code   RO         4866    x$fpl$ddiv          fz_wm.l(ddiv.o)
    0x08004094   0x08004094   0x0000005e   Code   RO         4869    x$fpl$dfix          fz_wm.l(dfix.o)
    0x080040f2   0x080040f2   0x0000002e   Code   RO         4874    x$fpl$dflt          fz_wm.l(dflt_clz.o)
    0x08004120   0x08004120   0x00000154   Code   RO         4879    x$fpl$dmul          fz_wm.l(dmul.o)
    0x08004274   0x08004274   0x0000009c   Code   RO         4888    x$fpl$dnaninf       fz_wm.l(dnaninf.o)
    0x08004310   0x08004310   0x0000000c   Code   RO         4890    x$fpl$dretinf       fz_wm.l(dretinf.o)
    0x0800431c   0x0800431c   0x000001d4   Code   RO         4861    x$fpl$dsub          fz_wm.l(daddsub_clz.o)
    0x080044f0   0x080044f0   0x00000056   Code   RO         4881    x$fpl$f2d           fz_wm.l(f2d.o)
    0x08004546   0x08004546   0x0000008c   Code   RO         4892    x$fpl$fnaninf       fz_wm.l(fnaninf.o)
    0x080045d2   0x080045d2   0x0000000a   Code   RO         4999    x$fpl$fpinit        fz_wm.l(fpinit.o)
    0x080045dc   0x080045dc   0x0000000a   Code   RO         4894    x$fpl$fretinf       fz_wm.l(fretinf.o)
    0x080045e6   0x080045e6   0x00000000   Code   RO         4896    x$fpl$usenofp       fz_wm.l(usenofp.o)
    0x080045e6   0x080045e6   0x00000002   PAD
    0x080045e8   0x080045e8   0x00000070   Data   RO          261    .constdata          freertos.o
    0x08004658   0x08004658   0x00000010   Data   RO         3216    .constdata          system_stm32f4xx.o
    0x08004668   0x08004668   0x00000008   Data   RO         3217    .constdata          system_stm32f4xx.o
    0x08004670   0x08004670   0x00000039   Data   RO          262    .conststring        freertos.o
    0x080046a9   0x080046a9   0x00000003   PAD
    0x080046ac   0x080046ac   0x00000020   Data   RO         5057    Region$$Table       anon$$obj.o


    Execution Region RW_IRAM2 (Exec base: 0x10000000, Load base: 0x08004828, Size: 0x00000000, Max: 0x00010000, ABSOLUTE)

    **** No section assigned to this execution region ****


    Execution Region RW_IRAM1 (Exec base: 0x20000000, Load base: 0x080046cc, Size: 0x00008708, Max: 0x00030000, ABSOLUTE, COMPRESSED[0x0000015c])

    Exec Addr    Load Addr    Size         Type   Attr      Idx    E Section Name        Object

    0x20000000   COMPRESSED   0x00000004   Data   RW           18    .data               main.o
    0x20000004   COMPRESSED   0x0000001c   Data   RW          263    .data               freertos.o
    0x20000020   COMPRESSED   0x00000003   Data   RW          396    .data               usart.o
    0x20000023   COMPRESSED   0x00000001   PAD
    0x20000024   COMPRESSED   0x0000000c   Data   RW         1643    .data               stm32f4xx_hal.o
    0x20000030   COMPRESSED   0x00000004   Data   RW         3218    .data               system_stm32f4xx.o
    0x20000034   COMPRESSED   0x0000003c   Data   RW         3767    .data               tasks.o
    0x20000070   COMPRESSED   0x00000020   Data   RW         4411    .data               heap_4.o
    0x20000090   COMPRESSED   0x0000000c   Data   RW         4479    .data               port.o
    0x2000009c   COMPRESSED   0x00000027   Data   RW         4561    .data               control.o
    0x200000c3   COMPRESSED   0x00000200   Data   RW         4644    .data               mbcrc.o
    0x200002c3   COMPRESSED   0x00000001   PAD
    0x200002c4   COMPRESSED   0x00000050   Data   RW         4677    .data               pns.o
    0x20000314   COMPRESSED   0x00000002   Data   RW         4683    .data               pns.o
    0x20000316   COMPRESSED   0x00000001   Data   RW         4684    .data               pns.o
    0x20000317   COMPRESSED   0x00000001   PAD
    0x20000318   COMPRESSED   0x00000004   Data   RW         4685    .data               pns.o
    0x2000031c   COMPRESSED   0x00000002   Data   RW         4686    .data               pns.o
    0x2000031e   COMPRESSED   0x00000002   PAD
    0x20000320        -       0x00000254   Zero   RW          260    .bss                freertos.o
    0x20000574        -       0x000000d8   Zero   RW          331    .bss                tim.o
    0x2000064c        -       0x000001d0   Zero   RW          395    .bss                usart.o
    0x2000081c        -       0x00000048   Zero   RW          634    .bss                stm32f4xx_hal_timebase_tim.o
    0x20000864        -       0x000000f0   Zero   RW         3766    .bss                tasks.o
    0x20000954        -       0x00003c00   Zero   RW         4410    .bss                heap_4.o
    0x20004554        -       0x0000004a   Zero   RW         4560    .bss                control.o
    0x2000459e   COMPRESSED   0x00000002   PAD
    0x200045a0        -       0x000000e4   Zero   RW         4675    .bss                pns.o
    0x20004684        -       0x00000020   Zero   RW         4676    .bss                pns.o
    0x200046a4        -       0x00000060   Zero   RW         4929    .bss                c_w.l(libspace.o)
    0x20004704   COMPRESSED   0x00000004   PAD
    0x20004708        -       0x00002000   Zero   RW            2    HEAP                startup_stm32f427xx.o
    0x20006708        -       0x00002000   Zero   RW            1    STACK               startup_stm32f427xx.o


==============================================================================

Image component sizes


      Code (inc. data)   RO Data    RW Data    ZI Data      Debug   Object Name

       120          0          0          0          0      24041   cmsis_os.o
       612         46          0         39         74       8019   control.o
         0          0          0          0          0      17232   event_groups.o
       308         48        169         28        596       5685   freertos.o
        56          0          0          0          0       2089   function.o
       312         22          0          0          0       1259   gpio.o
       472         24          0         32      15360       7991   heap_4.o
       138          0          0          0          0       4042   list.o
       520         88          0          4          0     779029   main.o
        44          4          0        512          0       1492   mbcrc.o
        40         10          0          0          0        558   parements.o
      1428        124          0         89        260       7638   pns.o
       702         72          0         12          0      11876   port.o
        64         26        428          0      16384        908   startup_stm32f427xx.o
       116         18          0         12          0       9438   stm32f4xx_hal.o
       158         14          0          0          0      33574   stm32f4xx_hal_cortex.o
       182          0          0          0          0       2343   stm32f4xx_hal_dma.o
       614         60          0          0          0       3888   stm32f4xx_hal_gpio.o
        56          4          0          0          0       1030   stm32f4xx_hal_msp.o
       112         14          0          0          0       1452   stm32f4xx_hal_pwr_ex.o
      1408         82          0          0          0       6473   stm32f4xx_hal_rcc.o
      1278        102          0          0          0      12793   stm32f4xx_hal_tim.o
       148         28          0          0          0       2785   stm32f4xx_hal_tim_ex.o
       116         16          0          0         72       1668   stm32f4xx_hal_timebase_tim.o
      1926         16          0          0          0      14726   stm32f4xx_hal_uart.o
       116         48          0          0          0       8299   stm32f4xx_it.o
         0          0          0          0          0        400   stream_buffer.o
        16          4         24          4          0       1375   system_stm32f4xx.o
      1520        112          0         60        240      20874   tasks.o
       496         36          0          0        216       3648   tim.o
      1040        154          0          3        464       9966   usart.o

    ----------------------------------------------------------------------
     14150       1172        656        800      33668    1006591   Object Totals
         0          0         32          0          0          0   (incl. Generated)
        32          0          3          5          2          0   (incl. Padding)

    ----------------------------------------------------------------------

      Code (inc. data)   RO Data    RW Data    ZI Data      Debug   Library Member Name

        90          0          0          0          0          0   __dczerorl2.o
         8          0          0          0          0         68   __main.o
         0          0          0          0          0          0   __rtentry.o
        12          0          0          0          0          0   __rtentry2.o
         6          0          0          0          0          0   __rtentry4.o
        52          8          0          0          0          0   __scatter.o
        28          0          0          0          0          0   __scatter_zi.o
        18          0          0          0          0         80   exit.o
         6          0          0          0          0        152   heapauxi.o
         0          0          0          0          0          0   indicate_semi.o
         2          0          0          0          0          0   libinit.o
         6          0          0          0          0          0   libinit2.o
         2          0          0          0          0          0   libshutdown.o
         2          0          0          0          0          0   libshutdown2.o
         8          4          0          0         96         68   libspace.o
       238          0          0          0          0        100   lludivv7m.o
        68          0          0          0          0         68   rt_memclr.o
        78          0          0          0          0         80   rt_memclr_w.o
       100          0          0          0          0         80   rt_memcpy_w.o
         2          0          0          0          0          0   rtexit.o
        10          0          0          0          0          0   rtexit2.o
        12          4          0          0          0         68   sys_exit.o
        74          0          0          0          0         80   sys_stackheap_outer.o
         2          0          0          0          0         68   use_no_semi.o
        98          4          0          0          0        140   d2f.o
       804         16          0          0          0        368   daddsub_clz.o
       688        140          0          0          0        256   ddiv.o
        94          4          0          0          0        140   dfix.o
        46          0          0          0          0        116   dflt_clz.o
       340         12          0          0          0        152   dmul.o
       156          4          0          0          0        140   dnaninf.o
        12          0          0          0          0        116   dretinf.o
        86          4          0          0          0        132   f2d.o
       140          4          0          0          0        132   fnaninf.o
        10          0          0          0          0        116   fpinit.o
        10          0          0          0          0        116   fretinf.o
         0          0          0          0          0          0   usenofp.o

    ----------------------------------------------------------------------
      3318        204          0          0        100       2836   Library Totals
        10          0          0          0          4          0   (incl. Padding)

    ----------------------------------------------------------------------

      Code (inc. data)   RO Data    RW Data    ZI Data      Debug   Library Name

       824         16          0          0         96        912   c_w.l
      2484        188          0          0          0       1924   fz_wm.l

    ----------------------------------------------------------------------
      3318        204          0          0        100       2836   Library Totals

    ----------------------------------------------------------------------

==============================================================================


      Code (inc. data)   RO Data    RW Data    ZI Data      Debug   

     17468       1376        656        800      33768     993363   Grand Totals
     17468       1376        656        348      33768     993363   ELF Image Totals (compressed)
     17468       1376        656        348          0          0   ROM Totals

==============================================================================

    Total RO  Size (Code + RO Data)                18124 (  17.70kB)
    Total RW  Size (RW Data + ZI Data)             34568 (  33.76kB)
    Total ROM Size (Code + RO Data + RW Data)      18472 (  18.04kB)

==============================================================================

