<html>
<body>
<pre>
<h1>礦ision Build Log</h1>
<h2>Tool Versions:</h2>
IDE-Version: μVision V5.35.0.0
Copyright (C) 2021 ARM Ltd and ARM Germany GmbH. All rights reserved.
License Information: 123 xxxgd, HP Inc., LIC=8VRJ7-EWD5S-DYMV3-AJZ96-10VQH-4DN8F
 
Tool Versions:
Toolchain:       MDK-ARM Plus  Version: 5.35.0.2
Toolchain Path:  D:\keil\Keil MDK\ARM\ARMCC\Bin
C Compiler:      Armcc.exe V5.06 update 7 (build 960)
Assembler:       Armasm.exe V5.06 update 7 (build 960)
Linker/Locator:  ArmLink.exe V5.06 update 7 (build 960)
Library Manager: ArmAr.exe V5.06 update 7 (build 960)
Hex Converter:   FromElf.exe V5.06 update 7 (build 960)
CPU DLL:         SARMCM3.DLL V5.35.0.2
Dialog DLL:      DCM.DLL V1.17.3.0
Target DLL:      STLink\ST-LINKIII-KEIL_SWO.dll V3.0.9.0
Dialog DLL:      TCM.DLL V1.53.0.0
 
<h2>Project:</h2>
C:\Users\xxxgd\Desktop\嵌入式比赛\履带车\资料\23_20251119-眉山出差代码修改\Version_2\Auv_Car_control\MDK-ARM\test.uvprojx
Project File Date:  06/24/2026

<h2>Output:</h2>
*** Using Compiler 'V5.06 update 7 (build 960)', folder: 'D:\keil\Keil MDK\ARM\ARMCC\Bin'
Rebuild target 'test'
assembling startup_stm32f427xx.s...
compiling stm32f4xx_it.c...
compiling usart.c...
compiling gpio.c...
compiling stm32f4xx_hal_timebase_tim.c...
compiling tim.c...
compiling stm32f4xx_hal_msp.c...
compiling main.c...
compiling freertos.c...
compiling stm32f4xx_hal_rcc_ex.c...
compiling stm32f4xx_hal_gpio.c...
compiling stm32f4xx_hal_rcc.c...
compiling stm32f4xx_hal_flash.c...
compiling stm32f4xx_hal_flash_ramfunc.c...
compiling stm32f4xx_hal_flash_ex.c...
compiling stm32f4xx_hal_dma.c...
compiling stm32f4xx_hal_dma_ex.c...
compiling stm32f4xx_hal_pwr.c...
compiling stm32f4xx_hal.c...
compiling stm32f4xx_hal_cortex.c...
compiling stm32f4xx_hal_pwr_ex.c...
compiling stm32f4xx_hal_exti.c...
compiling croutine.c...
compiling list.c...
compiling event_groups.c...
compiling queue.c...
compiling stm32f4xx_hal_uart.c...
compiling stream_buffer.c...
compiling stm32f4xx_hal_tim_ex.c...
compiling timers.c...
compiling heap_4.c...
compiling tasks.c...
compiling port.c...
compiling stm32f4xx_hal_tim.c...
compiling cmsis_os.c...
compiling ReadMe.c...
compiling system_stm32f4xx.c...
compiling MBcrc.c...
compiling control.c...
compiling parements.c...
compiling pns.c...
..\Mycode\pns.c(591): warning:  #1035-D: single-precision operand implicitly converted to double-precision
  						Drive_Motor(target_Vx, target_Wz * 1.5); //***********************************************************************************
..\Mycode\pns.c(645): warning:  #1035-D: single-precision operand implicitly converted to double-precision
  	float rounded_number_A = ((int)(MOTOR_A.Encoder * 100 + 0.5)) / 100.0; //-----将浮点数四舍五入，比如0.009，并且想将其舍入为0.01
..\Mycode\pns.c(647): warning:  #1035-D: single-precision operand implicitly converted to double-precision
  	float rounded_number_B = ((int)(MOTOR_B.Encoder * 100 + 0.5)) / 100.0; //-----将浮点数四舍五入，比如0.009，并且想将其舍入为0.01
..\Mycode\pns.c(651): warning:  #1035-D: single-precision operand implicitly converted to double-precision
  	Send_Data.Sensor_Str.Z_speed = (((MOTOR_A.Encoder - MOTOR_B.Encoder) / 0.42) * 100); // 返回电机角速度
..\Mycode\pns.c: 4 warnings, 0 errors
compiling function.c...
linking...
Program Size: Code=17468 RO-data=656 RW-data=800 ZI-data=33768  
FromELF: creating hex file...
"test\test.axf" - 0 Error(s), 4 Warning(s).

<h2>Software Packages used:</h2>

Package Vendor: ARM
                http://www.keil.com/pack/ARM.CMSIS.5.8.0.pack
                ARM.CMSIS.5.8.0
                CMSIS (Common Microcontroller Software Interface Standard)
   * Component: CORE Version: 5.5.0

Package Vendor: Keil
                https://www.keil.com/pack/Keil.STM32F4xx_DFP.3.1.1.pack
                Keil.STM32F4xx_DFP.3.1.1
                STMicroelectronics STM32F4 Series Device Support

<h2>Collection of Component include folders:</h2>
  .\RTE\_test
  D:\keil\Keil MDK\ARM\CMSIS\5.8.0\CMSIS\Core\Include

<h2>Collection of Component Files used:</h2>

   * Component: ARM::CMSIS:CORE:5.5.0
      Include file:  CMSIS\Core\Include\tz_context.h
Build Time Elapsed:  00:00:39
</pre>
</body>
</html>
